Component: ARM Compiler 5.06 update 6 (build 750) Tool: armlink [4d35ed]

==============================================================================

Section Cross References

    startup_stm32f303xe.o(RESET) refers to startup_stm32f303xe.o(STACK) for __initial_sp
    startup_stm32f303xe.o(RESET) refers to startup_stm32f303xe.o(.text) for Reset_Handler
    startup_stm32f303xe.o(RESET) refers to stm32f3xx_it.o(i.NMI_Handler) for NMI_Handler
    startup_stm32f303xe.o(RESET) refers to stm32f3xx_it.o(i.HardFault_Handler) for HardFault_Handler
    startup_stm32f303xe.o(RESET) refers to stm32f3xx_it.o(i.MemManage_Handler) for MemManage_Handler
    startup_stm32f303xe.o(RESET) refers to stm32f3xx_it.o(i.BusFault_Handler) for BusFault_Handler
    startup_stm32f303xe.o(RESET) refers to stm32f3xx_it.o(i.UsageFault_Handler) for UsageFault_Handler
    startup_stm32f303xe.o(RESET) refers to stm32f3xx_it.o(i.SVC_Handler) for SVC_Handler
    startup_stm32f303xe.o(RESET) refers to stm32f3xx_it.o(i.DebugMon_Handler) for DebugMon_Handler
    startup_stm32f303xe.o(RESET) refers to stm32f3xx_it.o(i.PendSV_Handler) for PendSV_Handler
    startup_stm32f303xe.o(RESET) refers to stm32f3xx_it.o(i.SysTick_Handler) for SysTick_Handler
    startup_stm32f303xe.o(.text) refers to system_stm32f3xx.o(i.SystemInit) for SystemInit
    startup_stm32f303xe.o(.text) refers to entry.o(.ARM.Collect$$$$00000000) for __main
    main.o(i.MX_TIM1_Init) refers to memseta.o(.text) for __aeabi_memclr4
    main.o(i.MX_TIM1_Init) refers to stm32f3xx_hal_tim.o(i.HAL_TIM_Base_Init) for HAL_TIM_Base_Init
    main.o(i.MX_TIM1_Init) refers to stm32f3xx_hal_tim.o(i.HAL_TIM_ConfigClockSource) for HAL_TIM_ConfigClockSource
    main.o(i.MX_TIM1_Init) refers to stm32f3xx_hal_tim.o(i.HAL_TIM_PWM_Init) for HAL_TIM_PWM_Init
    main.o(i.MX_TIM1_Init) refers to stm32f3xx_hal_tim_ex.o(i.HAL_TIMEx_MasterConfigSynchronization) for HAL_TIMEx_MasterConfigSynchronization
    main.o(i.MX_TIM1_Init) refers to stm32f3xx_hal_tim_ex.o(i.HAL_TIM_PWM_ConfigChannel) for HAL_TIM_PWM_ConfigChannel
    main.o(i.MX_TIM1_Init) refers to stm32f3xx_hal_tim_ex.o(i.HAL_TIMEx_ConfigBreakDeadTime) for HAL_TIMEx_ConfigBreakDeadTime
    main.o(i.MX_TIM1_Init) refers to stm32f3xx_hal_msp.o(i.HAL_TIM_MspPostInit) for HAL_TIM_MspPostInit
    main.o(i.MX_TIM1_Init) refers to main.o(.bss) for .bss
    main.o(i.SystemClock_Config) refers to memseta.o(.text) for __aeabi_memclr4
    main.o(i.SystemClock_Config) refers to stm32f3xx_hal_rcc.o(i.HAL_RCC_OscConfig) for HAL_RCC_OscConfig
    main.o(i.SystemClock_Config) refers to stm32f3xx_hal_rcc.o(i.HAL_RCC_ClockConfig) for HAL_RCC_ClockConfig
    main.o(i.SystemClock_Config) refers to stm32f3xx_hal_rcc_ex.o(i.HAL_RCCEx_PeriphCLKConfig) for HAL_RCCEx_PeriphCLKConfig
    main.o(i.main) refers to stm32f3xx_hal.o(i.HAL_Init) for HAL_Init
    main.o(i.main) refers to main.o(i.SystemClock_Config) for SystemClock_Config
    main.o(i.main) refers to main.o(i.MX_TIM1_Init) for MX_TIM1_Init
    main.o(i.main) refers to stm32f3xx_hal_tim.o(i.HAL_TIM_PWM_Start) for HAL_TIM_PWM_Start
    main.o(i.main) refers to main.o(.bss) for .bss
    main.o(i.main) refers to main.o(.data) for .data
    stm32f3xx_it.o(i.SysTick_Handler) refers to stm32f3xx_hal.o(i.HAL_IncTick) for HAL_IncTick
    stm32f3xx_hal_msp.o(i.HAL_MspInit) refers to stm32f3xx_hal_cortex.o(i.HAL_NVIC_SetPriorityGrouping) for HAL_NVIC_SetPriorityGrouping
    stm32f3xx_hal_msp.o(i.HAL_TIM_MspPostInit) refers to memseta.o(.text) for __aeabi_memclr4
    stm32f3xx_hal_msp.o(i.HAL_TIM_MspPostInit) refers to stm32f3xx_hal_gpio.o(i.HAL_GPIO_Init) for HAL_GPIO_Init
    stm32f3xx_hal_msp.o(i.HAL_UART_MspDeInit) refers to stm32f3xx_hal_gpio.o(i.HAL_GPIO_DeInit) for HAL_GPIO_DeInit
    stm32f3xx_hal_msp.o(i.HAL_UART_MspInit) refers to memseta.o(.text) for __aeabi_memclr4
    stm32f3xx_hal_msp.o(i.HAL_UART_MspInit) refers to stm32f3xx_hal_gpio.o(i.HAL_GPIO_Init) for HAL_GPIO_Init
    stm32f3xx_hal_tim.o(i.HAL_TIM_Base_DeInit) refers to stm32f3xx_hal_msp.o(i.HAL_TIM_Base_MspDeInit) for HAL_TIM_Base_MspDeInit
    stm32f3xx_hal_tim.o(i.HAL_TIM_Base_Init) refers to stm32f3xx_hal_msp.o(i.HAL_TIM_Base_MspInit) for HAL_TIM_Base_MspInit
    stm32f3xx_hal_tim.o(i.HAL_TIM_Base_Init) refers to stm32f3xx_hal_tim.o(i.TIM_Base_SetConfig) for TIM_Base_SetConfig
    stm32f3xx_hal_tim.o(i.HAL_TIM_Base_Start_DMA) refers to stm32f3xx_hal_dma.o(i.HAL_DMA_Start_IT) for HAL_DMA_Start_IT
    stm32f3xx_hal_tim.o(i.HAL_TIM_Base_Start_DMA) refers to stm32f3xx_hal_tim.o(i.TIM_DMAPeriodElapsedCplt) for TIM_DMAPeriodElapsedCplt
    stm32f3xx_hal_tim.o(i.HAL_TIM_Base_Start_DMA) refers to stm32f3xx_hal_tim.o(i.TIM_DMAError) for TIM_DMAError
    stm32f3xx_hal_tim.o(i.HAL_TIM_ConfigClockSource) refers to stm32f3xx_hal_tim.o(i.TIM_ETR_SetConfig) for TIM_ETR_SetConfig
[...]
    stm32f3xx_hal_i2c.o(i.HAL_I2C_Mem_Write_DMA) refers to stm32f3xx_hal_i2c.o(i.I2C_Enable_IRQ) for I2C_Enable_IRQ
    stm32f3xx_hal_i2c.o(i.HAL_I2C_Mem_Write_DMA) refers to stm32f3xx_hal_i2c.o(i.I2C_Master_ISR_DMA) for I2C_Master_ISR_DMA
    stm32f3xx_hal_i2c.o(i.HAL_I2C_Mem_Write_DMA) refers to stm32f3xx_hal_i2c.o(i.I2C_DMAMasterTransmitCplt) for I2C_DMAMasterTransmitCplt
    stm32f3xx_hal_i2c.o(i.HAL_I2C_Mem_Write_DMA) refers to stm32f3xx_hal_i2c.o(i.I2C_DMAError) for I2C_DMAError
    stm32f3xx_hal_i2c.o(i.HAL_I2C_Mem_Write_IT) refers to stm32f3xx_hal.o(i.HAL_GetTick) for HAL_GetTick
    stm32f3xx_hal_i2c.o(i.HAL_I2C_Mem_Write_IT) refers to stm32f3xx_hal_i2c.o(i.I2C_RequestMemoryWrite) for I2C_RequestMemoryWrite
    stm32f3xx_hal_i2c.o(i.HAL_I2C_Mem_Write_IT) refers to stm32f3xx_hal_i2c.o(i.I2C_TransferConfig) for I2C_TransferConfig
    stm32f3xx_hal_i2c.o(i.HAL_I2C_Mem_Write_IT) refers to stm32f3xx_hal_i2c.o(i.I2C_Enable_IRQ) for I2C_Enable_IRQ
    stm32f3xx_hal_i2c.o(i.HAL_I2C_Mem_Write_IT) refers to stm32f3xx_hal_i2c.o(i.I2C_Master_ISR_IT) for I2C_Master_ISR_IT
    stm32f3xx_hal_i2c.o(i.HAL_I2C_Slave_Receive) refers to stm32f3xx_hal.o(i.HAL_GetTick) for HAL_GetTick
    stm32f3xx_hal_i2c.o(i.HAL_I2C_Slave_Receive) refers to stm32f3xx_hal_i2c.o(i.I2C_WaitOnFlagUntilTimeout) for I2C_WaitOnFlagUntilTimeout
    stm32f3xx_hal_i2c.o(i.HAL_I2C_Slave_Receive) refers to stm32f3xx_hal_i2c.o(i.I2C_WaitOnRXNEFlagUntilTimeout) for I2C_WaitOnRXNEFlagUntilTimeout
    stm32f3xx_hal_i2c.o(i.HAL_I2C_Slave_Receive) refers to stm32f3xx_hal_i2c.o(i.I2C_WaitOnSTOPFlagUntilTimeout) for I2C_WaitOnSTOPFlagUntilTimeout
    stm32f3xx_hal_i2c.o(i.HAL_I2C_Slave_Receive_DMA) refers to stm32f3xx_hal_dma.o(i.HAL_DMA_Start_IT) for HAL_DMA_Start_IT
    stm32f3xx_hal_i2c.o(i.HAL_I2C_Slave_Receive_DMA) refers to stm32f3xx_hal_i2c.o(i.I2C_Enable_IRQ) for I2C_Enable_IRQ
    stm32f3xx_hal_i2c.o(i.HAL_I2C_Slave_Receive_DMA) refers to stm32f3xx_hal_i2c.o(i.I2C_Slave_ISR_DMA) for I2C_Slave_ISR_DMA
    stm32f3xx_hal_i2c.o(i.HAL_I2C_Slave_Receive_DMA) refers to stm32f3xx_hal_i2c.o(i.I2C_DMASlaveReceiveCplt) for I2C_DMASlaveReceiveCplt
    stm32f3xx_hal_i2c.o(i.HAL_I2C_Slave_Receive_DMA) refers to stm32f3xx_hal_i2c.o(i.I2C_DMAError) for I2C_DMAError
    stm32f3xx_hal_i2c.o(i.HAL_I2C_Slave_Receive_IT) refers to stm32f3xx_hal_i2c.o(i.I2C_Enable_IRQ) for I2C_Enable_IRQ
    stm32f3xx_hal_i2c.o(i.HAL_I2C_Slave_Receive_IT) refers to stm32f3xx_hal_i2c.o(i.I2C_Slave_ISR_IT) for I2C_Slave_ISR_IT
    stm32f3xx_hal_i2c.o(i.HAL_I2C_Slave_Sequential_Receive_IT) refers to stm32f3xx_hal_i2c.o(i.I2C_Disable_IRQ) for I2C_Disable_IRQ
    stm32f3xx_hal_i2c.o(i.HAL_I2C_Slave_Sequential_Receive_IT) refers to stm32f3xx_hal_i2c.o(i.I2C_Enable_IRQ) for I2C_Enable_IRQ
    stm32f3xx_hal_i2c.o(i.HAL_I2C_Slave_Sequential_Receive_IT) refers to stm32f3xx_hal_i2c.o(i.I2C_Slave_ISR_IT) for I2C_Slave_ISR_IT
    stm32f3xx_hal_i2c.o(i.HAL_I2C_Slave_Sequential_Transmit_IT) refers to stm32f3xx_hal_i2c.o(i.I2C_Disable_IRQ) for I2C_Disable_IRQ
    stm32f3xx_hal_i2c.o(i.HAL_I2C_Slave_Sequential_Transmit_IT) refers to stm32f3xx_hal_i2c.o(i.I2C_Enable_IRQ) for I2C_Enable_IRQ
    stm32f3xx_hal_i2c.o(i.HAL_I2C_Slave_Sequential_Transmit_IT) refers to stm32f3xx_hal_i2c.o(i.I2C_Slave_ISR_IT) for I2C_Slave_ISR_IT
    stm32f3xx_hal_i2c.o(i.HAL_I2C_Slave_Transmit) refers to stm32f3xx_hal.o(i.HAL_GetTick) for HAL_GetTick
    stm32f3xx_hal_i2c.o(i.HAL_I2C_Slave_Transmit) refers to stm32f3xx_hal_i2c.o(i.I2C_WaitOnFlagUntilTimeout) for I2C_WaitOnFlagUntilTimeout
    stm32f3xx_hal_i2c.o(i.HAL_I2C_Slave_Transmit) refers to stm32f3xx_hal_i2c.o(i.I2C_WaitOnTXISFlagUntilTimeout) for I2C_WaitOnTXISFlagUntilTimeout
    stm32f3xx_hal_i2c.o(i.HAL_I2C_Slave_Transmit) refers to stm32f3xx_hal_i2c.o(i.I2C_WaitOnSTOPFlagUntilTimeout) for I2C_WaitOnSTOPFlagUntilTimeout
    stm32f3xx_hal_i2c.o(i.HAL_I2C_Slave_Transmit_DMA) refers to stm32f3xx_hal_dma.o(i.HAL_DMA_Start_IT) for HAL_DMA_Start_IT
    stm32f3xx_hal_i2c.o(i.HAL_I2C_Slave_Transmit_DMA) refers to stm32f3xx_hal_i2c.o(i.I2C_Enable_IRQ) for I2C_Enable_IRQ
    stm32f3xx_hal_i2c.o(i.HAL_I2C_Slave_Transmit_DMA) refers to stm32f3xx_hal_i2c.o(i.I2C_Slave_ISR_DMA) for I2C_Slave_ISR_DMA
    stm32f3xx_hal_i2c.o(i.HAL_I2C_Slave_Transmit_DMA) refers to stm32f3xx_hal_i2c.o(i.I2C_DMASlaveTransmitCplt) for I2C_DMASlaveTransmitCplt
    stm32f3xx_hal_i2c.o(i.HAL_I2C_Slave_Transmit_DMA) refers to stm32f3xx_hal_i2c.o(i.I2C_DMAError) for I2C_DMAError
    stm32f3xx_hal_i2c.o(i.HAL_I2C_Slave_Transmit_IT) refers to stm32f3xx_hal_i2c.o(i.I2C_Enable_IRQ) for I2C_Enable_IRQ
    stm32f3xx_hal_i2c.o(i.HAL_I2C_Slave_Transmit_IT) refers to stm32f3xx_hal_i2c.o(i.I2C_Slave_ISR_IT) for I2C_Slave_ISR_IT
    stm32f3xx_hal_i2c.o(i.I2C_DMAAbort) refers to stm32f3xx_hal_i2c.o(i.HAL_I2C_ErrorCallback) for HAL_I2C_ErrorCallback
    stm32f3xx_hal_i2c.o(i.I2C_DMAAbort) refers to stm32f3xx_hal_i2c.o(i.HAL_I2C_AbortCpltCallback) for HAL_I2C_AbortCpltCallback
    stm32f3xx_hal_i2c.o(i.I2C_DMAError) refers to stm32f3xx_hal_i2c.o(i.I2C_ITError) for I2C_ITError
    stm32f3xx_hal_i2c.o(i.I2C_DMAMasterReceiveCplt) refers to stm32f3xx_hal_i2c.o(i.I2C_Enable_IRQ) for I2C_Enable_IRQ
    stm32f3xx_hal_i2c.o(i.I2C_DMAMasterReceiveCplt) refers to stm32f3xx_hal_dma.o(i.HAL_DMA_Start_IT) for HAL_DMA_Start_IT
    stm32f3xx_hal_i2c.o(i.I2C_DMAMasterTransmitCplt) refers to stm32f3xx_hal_i2c.o(i.I2C_Enable_IRQ) for I2C_Enable_IRQ
    stm32f3xx_hal_i2c.o(i.I2C_DMAMasterTransmitCplt) refers to stm32f3xx_hal_dma.o(i.HAL_DMA_Start_IT) for HAL_DMA_Start_IT
    stm32f3xx_hal_i2c.o(i.I2C_Enable_IRQ) refers to stm32f3xx_hal_i2c.o(i.I2C_Master_ISR_DMA) for I2C_Master_ISR_DMA
    stm32f3xx_hal_i2c.o(i.I2C_Enable_IRQ) refers to stm32f3xx_hal_i2c.o(i.I2C_Slave_ISR_DMA) for I2C_Slave_ISR_DMA
    stm32f3xx_hal_i2c.o(i.I2C_ITAddrCplt) refers to stm32f3xx_hal_i2c.o(i.I2C_Disable_IRQ) for I2C_Disable_IRQ
    stm32f3xx_hal_i2c.o(i.I2C_ITAddrCplt) refers to stm32f3xx_hal_i2c.o(i.HAL_I2C_AddrCallback) for HAL_I2C_AddrCallback
    stm32f3xx_hal_i2c.o(i.I2C_ITError) refers to stm32f3xx_hal_i2c.o(i.I2C_Disable_IRQ) for I2C_Disable_IRQ
    stm32f3xx_hal_i2c.o(i.I2C_ITError) refers to stm32f3xx_hal_dma.o(i.HAL_DMA_Abort_IT) for HAL_DMA_Abort_IT
    stm32f3xx_hal_i2c.o(i.I2C_ITError) refers to stm32f3xx_hal_i2c.o(i.HAL_I2C_ErrorCallback) for HAL_I2C_ErrorCallback
    stm32f3xx_hal_i2c.o(i.I2C_ITError) refers to stm32f3xx_hal_i2c.o(i.HAL_I2C_AbortCpltCallback) for HAL_I2C_AbortCpltCallback
    stm32f3xx_hal_i2c.o(i.I2C_ITError) refers to stm32f3xx_hal_i2c.o(i.I2C_DMAAbort) for I2C_DMAAbort
    stm32f3xx_hal_i2c.o(i.I2C_ITError) refers to stm32f3xx_hal_i2c.o(i.I2C_Slave_ISR_IT) for I2C_Slave_ISR_IT
    stm32f3xx_hal_i2c.o(i.I2C_ITListenCplt) refers to stm32f3xx_hal_i2c.o(i.I2C_Disable_IRQ) for I2C_Disable_IRQ
    stm32f3xx_hal_i2c.o(i.I2C_ITListenCplt) refers to stm32f3xx_hal_i2c.o(i.HAL_I2C_ListenCpltCallback) for HAL_I2C_ListenCpltCallback
    stm32f3xx_hal_i2c.o(i.I2C_ITMasterCplt) refers to stm32f3xx_hal_i2c.o(i.I2C_Flush_TXDR) for I2C_Flush_TXDR
    stm32f3xx_hal_i2c.o(i.I2C_ITMasterCplt) refers to stm32f3xx_hal_i2c.o(i.I2C_Disable_IRQ) for I2C_Disable_IRQ
    stm32f3xx_hal_i2c.o(i.I2C_ITMasterCplt) refers to stm32f3xx_hal_i2c.o(i.HAL_I2C_MasterRxCpltCallback) for HAL_I2C_MasterRxCpltCallback
    stm32f3xx_hal_i2c.o(i.I2C_ITMasterCplt) refers to stm32f3xx_hal_i2c.o(i.I2C_ITError) for I2C_ITError
    stm32f3xx_hal_i2c.o(i.I2C_ITMasterCplt) refers to stm32f3xx_hal_i2c.o(i.HAL_I2C_MasterTxCpltCallback) for HAL_I2C_MasterTxCpltCallback
    stm32f3xx_hal_i2c.o(i.I2C_ITMasterCplt) refers to stm32f3xx_hal_i2c.o(i.HAL_I2C_MemTxCpltCallback) for HAL_I2C_MemTxCpltCallback
    stm32f3xx_hal_i2c.o(i.I2C_ITMasterCplt) refers to stm32f3xx_hal_i2c.o(i.HAL_I2C_MemRxCpltCallback) for HAL_I2C_MemRxCpltCallback
    stm32f3xx_hal_i2c.o(i.I2C_ITMasterSequentialCplt) refers to stm32f3xx_hal_i2c.o(i.I2C_Disable_IRQ) for I2C_Disable_IRQ
    stm32f3xx_hal_i2c.o(i.I2C_ITMasterSequentialCplt) refers to stm32f3xx_hal_i2c.o(i.HAL_I2C_MasterRxCpltCallback) for HAL_I2C_MasterRxCpltCallback
    stm32f3xx_hal_i2c.o(i.I2C_ITMasterSequentialCplt) refers to stm32f3xx_hal_i2c.o(i.HAL_I2C_MasterTxCpltCallback) for HAL_I2C_MasterTxCpltCallback
    stm32f3xx_hal_i2c.o(i.I2C_ITSlaveCplt) refers to stm32f3xx_hal_i2c.o(i.I2C_Disable_IRQ) for I2C_Disable_IRQ
    stm32f3xx_hal_i2c.o(i.I2C_ITSlaveCplt) refers to stm32f3xx_hal_i2c.o(i.I2C_Flush_TXDR) for I2C_Flush_TXDR
    stm32f3xx_hal_i2c.o(i.I2C_ITSlaveCplt) refers to stm32f3xx_hal_i2c.o(i.I2C_ITError) for I2C_ITError
    stm32f3xx_hal_i2c.o(i.I2C_ITSlaveCplt) refers to stm32f3xx_hal_i2c.o(i.I2C_ITListenCplt) for I2C_ITListenCplt
    stm32f3xx_hal_i2c.o(i.I2C_ITSlaveCplt) refers to stm32f3xx_hal_i2c.o(i.HAL_I2C_ListenCpltCallback) for HAL_I2C_ListenCpltCallback
    stm32f3xx_hal_i2c.o(i.I2C_ITSlaveCplt) refers to stm32f3xx_hal_i2c.o(i.HAL_I2C_SlaveTxCpltCallback) for HAL_I2C_SlaveTxCpltCallback
    stm32f3xx_hal_i2c.o(i.I2C_ITSlaveCplt) refers to stm32f3xx_hal_i2c.o(i.HAL_I2C_SlaveRxCpltCallback) for HAL_I2C_SlaveRxCpltCallback
    stm32f3xx_hal_i2c.o(i.I2C_ITSlaveSequentialCplt) refers to stm32f3xx_hal_i2c.o(i.I2C_Disable_IRQ) for I2C_Disable_IRQ
    stm32f3xx_hal_i2c.o(i.I2C_ITSlaveSequentialCplt) refers to stm32f3xx_hal_i2c.o(i.HAL_I2C_SlaveRxCpltCallback) for HAL_I2C_SlaveRxCpltCallback
    stm32f3xx_hal_i2c.o(i.I2C_ITSlaveSequentialCplt) refers to stm32f3xx_hal_i2c.o(i.HAL_I2C_SlaveTxCpltCallback) for HAL_I2C_SlaveTxCpltCallback
    stm32f3xx_hal_i2c.o(i.I2C_IsAcknowledgeFailed) refers to stm32f3xx_hal.o(i.HAL_GetTick) for HAL_GetTick
    stm32f3xx_hal_i2c.o(i.I2C_IsAcknowledgeFailed) refers to stm32f3xx_hal_i2c.o(i.I2C_Flush_TXDR) for I2C_Flush_TXDR
    stm32f3xx_hal_i2c.o(i.I2C_Master_ISR_DMA) refers to stm32f3xx_hal_i2c.o(i.I2C_Enable_IRQ) for I2C_Enable_IRQ
    stm32f3xx_hal_i2c.o(i.I2C_Master_ISR_DMA) refers to stm32f3xx_hal_i2c.o(i.I2C_Flush_TXDR) for I2C_Flush_TXDR
    stm32f3xx_hal_i2c.o(i.I2C_Master_ISR_DMA) refers to stm32f3xx_hal_i2c.o(i.I2C_TransferConfig) for I2C_TransferConfig
    stm32f3xx_hal_i2c.o(i.I2C_Master_ISR_DMA) refers to stm32f3xx_hal_i2c.o(i.I2C_ITError) for I2C_ITError
    stm32f3xx_hal_i2c.o(i.I2C_Master_ISR_DMA) refers to stm32f3xx_hal_i2c.o(i.I2C_ITMasterCplt) for I2C_ITMasterCplt
    stm32f3xx_hal_i2c.o(i.I2C_Master_ISR_IT) refers to stm32f3xx_hal_i2c.o(i.I2C_Flush_TXDR) for I2C_Flush_TXDR
    stm32f3xx_hal_i2c.o(i.I2C_Master_ISR_IT) refers to stm32f3xx_hal_i2c.o(i.I2C_TransferConfig) for I2C_TransferConfig
    stm32f3xx_hal_i2c.o(i.I2C_Master_ISR_IT) refers to stm32f3xx_hal_i2c.o(i.I2C_ITError) for I2C_ITError
    stm32f3xx_hal_i2c.o(i.I2C_Master_ISR_IT) refers to stm32f3xx_hal_i2c.o(i.I2C_ITMasterCplt) for I2C_ITMasterCplt
    stm32f3xx_hal_i2c.o(i.I2C_Master_ISR_IT) refers to stm32f3xx_hal_i2c.o(i.I2C_ITMasterSequentialCplt) for I2C_ITMasterSequentialCplt
    stm32f3xx_hal_i2c.o(i.I2C_RequestMemoryRead) refers to stm32f3xx_hal_i2c.o(i.I2C_TransferConfig) for I2C_TransferConfig
    stm32f3xx_hal_i2c.o(i.I2C_RequestMemoryRead) refers to stm32f3xx_hal_i2c.o(i.I2C_WaitOnTXISFlagUntilTimeout) for I2C_WaitOnTXISFlagUntilTimeout
    stm32f3xx_hal_i2c.o(i.I2C_RequestMemoryRead) refers to stm32f3xx_hal_i2c.o(i.I2C_WaitOnFlagUntilTimeout) for I2C_WaitOnFlagUntilTimeout
    stm32f3xx_hal_i2c.o(i.I2C_RequestMemoryWrite) refers to stm32f3xx_hal_i2c.o(i.I2C_TransferConfig) for I2C_TransferConfig
    stm32f3xx_hal_i2c.o(i.I2C_RequestMemoryWrite) refers to stm32f3xx_hal_i2c.o(i.I2C_WaitOnTXISFlagUntilTimeout) for I2C_WaitOnTXISFlagUntilTimeout
    stm32f3xx_hal_i2c.o(i.I2C_RequestMemoryWrite) refers to stm32f3xx_hal_i2c.o(i.I2C_WaitOnFlagUntilTimeout) for I2C_WaitOnFlagUntilTimeout
    stm32f3xx_hal_i2c.o(i.I2C_Slave_ISR_DMA) refers to stm32f3xx_hal_i2c.o(i.I2C_ITSlaveCplt) for I2C_ITSlaveCplt
    stm32f3xx_hal_i2c.o(i.I2C_Slave_ISR_IT) refers to stm32f3xx_hal_i2c.o(i.I2C_ITListenCplt) for I2C_ITListenCplt
    stm32f3xx_hal_i2c.o(i.I2C_Slave_ISR_IT) refers to stm32f3xx_hal_i2c.o(i.I2C_Flush_TXDR) for I2C_Flush_TXDR
    stm32f3xx_hal_i2c.o(i.I2C_Slave_ISR_IT) refers to stm32f3xx_hal_i2c.o(i.I2C_ITAddrCplt) for I2C_ITAddrCplt
    stm32f3xx_hal_i2c.o(i.I2C_Slave_ISR_IT) refers to stm32f3xx_hal_i2c.o(i.I2C_ITSlaveSequentialCplt) for I2C_ITSlaveSequentialCplt
    stm32f3xx_hal_i2c.o(i.I2C_Slave_ISR_IT) refers to stm32f3xx_hal_i2c.o(i.I2C_ITSlaveCplt) for I2C_ITSlaveCplt
    stm32f3xx_hal_i2c.o(i.I2C_WaitOnFlagUntilTimeout) refers to stm32f3xx_hal.o(i.HAL_GetTick) for HAL_GetTick
    stm32f3xx_hal_i2c.o(i.I2C_WaitOnRXNEFlagUntilTimeout) refers to stm32f3xx_hal_i2c.o(i.I2C_IsAcknowledgeFailed) for I2C_IsAcknowledgeFailed
    stm32f3xx_hal_i2c.o(i.I2C_WaitOnRXNEFlagUntilTimeout) refers to stm32f3xx_hal.o(i.HAL_GetTick) for HAL_GetTick
    stm32f3xx_hal_i2c.o(i.I2C_WaitOnSTOPFlagUntilTimeout) refers to stm32f3xx_hal_i2c.o(i.I2C_IsAcknowledgeFailed) for I2C_IsAcknowledgeFailed
    stm32f3xx_hal_i2c.o(i.I2C_WaitOnSTOPFlagUntilTimeout) refers to stm32f3xx_hal.o(i.HAL_GetTick) for HAL_GetTick
    stm32f3xx_hal_i2c.o(i.I2C_WaitOnTXISFlagUntilTimeout) refers to stm32f3xx_hal_i2c.o(i.I2C_IsAcknowledgeFailed) for I2C_IsAcknowledgeFailed
    stm32f3xx_hal_i2c.o(i.I2C_WaitOnTXISFlagUntilTimeout) refers to stm32f3xx_hal.o(i.HAL_GetTick) for HAL_GetTick
    system_stm32f3xx.o(i.SystemCoreClockUpdate) refers to system_stm32f3xx.o(.data) for .data
    system_stm32f3xx.o(i.SystemCoreClockUpdate) refers to system_stm32f3xx.o(.constdata) for .constdata
    entry.o(.ARM.Collect$$$$00000000) refers (Special) to entry10a.o(.ARM.Collect$$$$0000000D) for __rt_final_cpp
    entry.o(.ARM.Collect$$$$00000000) refers (Special) to entry11a.o(.ARM.Collect$$$$0000000F) for __rt_final_exit
    entry.o(.ARM.Collect$$$$00000000) refers (Special) to entry7b.o(.ARM.Collect$$$$00000008) for _main_clock
    entry.o(.ARM.Collect$$$$00000000) refers (Special) to entry8b.o(.ARM.Collect$$$$0000000A) for _main_cpp_init
    entry.o(.ARM.Collect$$$$00000000) refers (Special) to entry9a.o(.ARM.Collect$$$$0000000B) for _main_init
    entry.o(.ARM.Collect$$$$00000000) refers (Special) to entry5.o(.ARM.Collect$$$$00000004) for _main_scatterload
    entry.o(.ARM.Collect$$$$00000000) refers (Special) to entry2.o(.ARM.Collect$$$$00000001) for _main_stk
    entry2.o(.ARM.Collect$$$$00000001) refers to entry2.o(.ARM.Collect$$$$00002712) for __lit__00000000
    entry2.o(.ARM.Collect$$$$00002712) refers to startup_stm32f303xe.o(STACK) for __initial_sp
    entry2.o(__vectab_stack_and_reset_area) refers to startup_stm32f303xe.o(STACK) for __initial_sp
    entry2.o(__vectab_stack_and_reset_area) refers to entry.o(.ARM.Collect$$$$00000000) for __main
    entry5.o(.ARM.Collect$$$$00000004) refers to init.o(.text) for __scatterload
    entry9a.o(.ARM.Collect$$$$0000000B) refers to main.o(i.main) for main
    entry9b.o(.ARM.Collect$$$$0000000C) refers to main.o(i.main) for main
    init.o(.text) refers to entry5.o(.ARM.Collect$$$$00000004) for __main_after_scatterload


==============================================================================

Removing Unused input sections from the image.

    Removing startup_stm32f303xe.o(HEAP), (512 bytes).
    Removing main.o(.rev16_text), (4 bytes).
    Removing main.o(.revsh_text), (4 bytes).
    Removing main.o(.rrx_text), (6 bytes).
    Removing main.o(i.Error_Handler), (2 bytes).
    Removing main.o(.data), (1 bytes).
    Removing stm32f3xx_it.o(.rev16_text), (4 bytes).
    Removing stm32f3xx_it.o(.revsh_text), (4 bytes).
    Removing stm32f3xx_it.o(.rrx_text), (6 bytes).
    Removing stm32f3xx_hal_msp.o(.rev16_text), (4 bytes).
    Removing stm32f3xx_hal_msp.o(.revsh_text), (4 bytes).
    Removing stm32f3xx_hal_msp.o(.rrx_text), (6 bytes).
    Removing stm32f3xx_hal_msp.o(i.HAL_TIM_Base_MspDeInit), (28 bytes).
    Removing stm32f3xx_hal_msp.o(i.HAL_UART_MspDeInit), (40 bytes).
    Removing stm32f3xx_hal_msp.o(i.HAL_UART_MspInit), (96 bytes).
    Removing stm32f3xx_hal_tim.o(.rev16_text), (4 bytes).
    Removing stm32f3xx_hal_tim.o(.revsh_text), (4 bytes).
    Removing stm32f3xx_hal_tim.o(.rrx_text), (6 bytes).
    Removing stm32f3xx_hal_tim.o(i.HAL_TIM_Base_DeInit), (56 bytes).
    Removing stm32f3xx_hal_tim.o(i.HAL_TIM_Base_GetState), (6 bytes).
    Removing stm32f3xx_hal_tim.o(i.HAL_TIM_Base_MspDeInit), (2 bytes).
    Removing stm32f3xx_hal_tim.o(i.HAL_TIM_Base_MspInit), (2 bytes).
    Removing stm32f3xx_hal_tim.o(i.HAL_TIM_Base_Start), (26 bytes).
    Removing stm32f3xx_hal_tim.o(i.HAL_TIM_Base_Start_DMA), (92 bytes).
    Removing stm32f3xx_hal_tim.o(i.HAL_TIM_Base_Start_IT), (24 bytes).
    Removing stm32f3xx_hal_tim.o(i.HAL_TIM_Base_Stop), (44 bytes).
    Removing stm32f3xx_hal_tim.o(i.HAL_TIM_Base_Stop_DMA), (48 bytes).
    Removing stm32f3xx_hal_tim.o(i.HAL_TIM_Base_Stop_IT), (42 bytes).
    Removing stm32f3xx_hal_tim.o(i.HAL_TIM_ConfigOCrefClear), (170 bytes).
    Removing stm32f3xx_hal_tim.o(i.HAL_TIM_ConfigTI1Input), (16 bytes).
    Removing stm32f3xx_hal_tim.o(i.HAL_TIM_DMABurst_MultiReadStart), (256 bytes).
    Removing stm32f3xx_hal_tim.o(i.HAL_TIM_DMABurst_MultiWriteStart), (256 bytes).
    Removing stm32f3xx_hal_tim.o(i.HAL_TIM_DMABurst_ReadStart), (18 bytes).
    Removing stm32f3xx_hal_tim.o(i.HAL_TIM_DMABurst_ReadStop), (96 bytes).
    Removing stm32f3xx_hal_tim.o(i.HAL_TIM_DMABurst_WriteStart), (18 bytes).
    Removing stm32f3xx_hal_tim.o(i.HAL_TIM_DMABurst_WriteStop), (96 bytes).
    Removing stm32f3xx_hal_tim.o(i.HAL_TIM_Encoder_DeInit), (56 bytes).
    Removing stm32f3xx_hal_tim.o(i.HAL_TIM_Encoder_GetState), (6 bytes).
    Removing stm32f3xx_hal_tim.o(i.HAL_TIM_Encoder_Init), (156 bytes).
    Removing stm32f3xx_hal_tim.o(i.HAL_TIM_Encoder_MspDeInit), (2 bytes).
    Removing stm32f3xx_hal_tim.o(i.HAL_TIM_Encoder_MspInit), (2 bytes).
    Removing stm32f3xx_hal_tim.o(i.HAL_TIM_Encoder_Start), (52 bytes).
    Removing stm32f3xx_hal_tim.o(i.HAL_TIM_Encoder_Start_DMA), (272 bytes).
    Removing stm32f3xx_hal_tim.o(i.HAL_TIM_Encoder_Start_IT), (92 bytes).
    Removing stm32f3xx_hal_tim.o(i.HAL_TIM_Encoder_Stop), (70 bytes).
    Removing stm32f3xx_hal_tim.o(i.HAL_TIM_Encoder_Stop_DMA), (116 bytes).
    Removing stm32f3xx_hal_tim.o(i.HAL_TIM_Encoder_Stop_IT), (116 bytes).
    Removing stm32f3xx_hal_tim.o(i.HAL_TIM_ErrorCallback), (2 bytes).
    Removing stm32f3xx_hal_tim.o(i.HAL_TIM_GenerateEvent), (38 bytes).
    Removing stm32f3xx_hal_tim.o(i.HAL_TIM_IC_CaptureCallback), (2 bytes).
    Removing stm32f3xx_hal_tim.o(i.HAL_TIM_IC_ConfigChannel), (286 bytes).
    Removing stm32f3xx_hal_tim.o(i.HAL_TIM_IC_DeInit), (56 bytes).
    Removing stm32f3xx_hal_tim.o(i.HAL_TIM_IC_GetState), (6 bytes).
    Removing stm32f3xx_hal_tim.o(i.HAL_TIM_IC_Init), (54 bytes).
    Removing stm32f3xx_hal_tim.o(i.HAL_TIM_IC_MspDeInit), (2 bytes).
    Removing stm32f3xx_hal_tim.o(i.HAL_TIM_IC_MspInit), (2 bytes).
    Removing stm32f3xx_hal_tim.o(i.HAL_TIM_IC_Start), (26 bytes).
    Removing stm32f3xx_hal_tim.o(i.HAL_TIM_IC_Start_DMA), (200 bytes).
    Removing stm32f3xx_hal_tim.o(i.HAL_TIM_IC_Start_IT), (76 bytes).
    Removing stm32f3xx_hal_tim.o(i.HAL_TIM_IC_Stop), (44 bytes).
    Removing stm32f3xx_hal_tim.o(i.HAL_TIM_IC_Stop_DMA), (100 bytes).
    Removing stm32f3xx_hal_tim.o(i.HAL_TIM_IC_Stop_IT), (94 bytes).
    Removing stm32f3xx_hal_tim.o(i.HAL_TIM_IRQHandler), (388 bytes).
    Removing stm32f3xx_hal_tim.o(i.HAL_TIM_OC_ConfigChannel), (86 bytes).
    Removing stm32f3xx_hal_tim.o(i.HAL_TIM_OC_DeInit), (56 bytes).
    Removing stm32f3xx_hal_tim.o(i.HAL_TIM_OC_DelayElapsedCallback), (2 bytes).
    Removing stm32f3xx_hal_tim.o(i.HAL_TIM_OC_GetState), (6 bytes).
    Removing stm32f3xx_hal_tim.o(i.HAL_TIM_OC_Init), (54 bytes).
    Removing stm32f3xx_hal_tim.o(i.HAL_TIM_OC_MspDeInit), (2 bytes).
    Removing stm32f3xx_hal_tim.o(i.HAL_TIM_OC_MspInit), (2 bytes).
    Removing stm32f3xx_hal_tim.o(i.HAL_TIM_OC_Start), (96 bytes).
    Removing stm32f3xx_hal_tim.o(i.HAL_TIM_OC_Start_DMA), (280 bytes).
    Removing stm32f3xx_hal_tim.o(i.HAL_TIM_OC_Start_IT), (148 bytes).
    Removing stm32f3xx_hal_tim.o(i.HAL_TIM_OC_Stop), (128 bytes).
    Removing stm32f3xx_hal_tim.o(i.HAL_TIM_OC_Stop_DMA), (184 bytes).
    Removing stm32f3xx_hal_tim.o(i.HAL_TIM_OC_Stop_IT), (176 bytes).
    Removing stm32f3xx_hal_tim.o(i.HAL_TIM_OnePulse_ConfigChannel), (224 bytes).
    Removing stm32f3xx_hal_tim.o(i.HAL_TIM_OnePulse_DeInit), (56 bytes).
    Removing stm32f3xx_hal_tim.o(i.HAL_TIM_OnePulse_GetState), (6 bytes).
    Removing stm32f3xx_hal_tim.o(i.HAL_TIM_OnePulse_Init), (74 bytes).
    Removing stm32f3xx_hal_tim.o(i.HAL_TIM_OnePulse_MspDeInit), (2 bytes).
    Removing stm32f3xx_hal_tim.o(i.HAL_TIM_OnePulse_MspInit), (2 bytes).
    Removing stm32f3xx_hal_tim.o(i.HAL_TIM_OnePulse_Start), (100 bytes).
    Removing stm32f3xx_hal_tim.o(i.HAL_TIM_OnePulse_Start_IT), (120 bytes).
    Removing stm32f3xx_hal_tim.o(i.HAL_TIM_OnePulse_Stop), (140 bytes).
    Removing stm32f3xx_hal_tim.o(i.HAL_TIM_OnePulse_Stop_IT), (160 bytes).
    Removing stm32f3xx_hal_tim.o(i.HAL_TIM_PWM_ConfigChannel), (208 bytes).
    Removing stm32f3xx_hal_tim.o(i.HAL_TIM_PWM_DeInit), (56 bytes).
    Removing stm32f3xx_hal_tim.o(i.HAL_TIM_PWM_GetState), (6 bytes).
    Removing stm32f3xx_hal_tim.o(i.HAL_TIM_PWM_MspDeInit), (2 bytes).
    Removing stm32f3xx_hal_tim.o(i.HAL_TIM_PWM_PulseFinishedCallback), (2 bytes).
    Removing stm32f3xx_hal_tim.o(i.HAL_TIM_PWM_Start_DMA), (280 bytes).
    Removing stm32f3xx_hal_tim.o(i.HAL_TIM_PWM_Start_IT), (148 bytes).
    Removing stm32f3xx_hal_tim.o(i.HAL_TIM_PWM_Stop), (132 bytes).
    Removing stm32f3xx_hal_tim.o(i.HAL_TIM_PWM_Stop_DMA), (184 bytes).
    Removing stm32f3xx_hal_tim.o(i.HAL_TIM_PWM_Stop_IT), (176 bytes).
    Removing stm32f3xx_hal_tim.o(i.HAL_TIM_PeriodElapsedCallback), (2 bytes).
    Removing stm32f3xx_hal_tim.o(i.HAL_TIM_ReadCapturedValue), (68 bytes).
    Removing stm32f3xx_hal_tim.o(i.HAL_TIM_SlaveConfigSynchronization), (66 bytes).
    Removing stm32f3xx_hal_tim.o(i.HAL_TIM_SlaveConfigSynchronization_IT), (66 bytes).
    Removing stm32f3xx_hal_tim.o(i.HAL_TIM_TriggerCallback), (2 bytes).
    Removing stm32f3xx_hal_tim.o(i.TIM_DMACaptureCplt), (62 bytes).
    Removing stm32f3xx_hal_tim.o(i.TIM_DMADelayPulseCplt), (62 bytes).
    Removing stm32f3xx_hal_tim.o(i.TIM_DMAError), (16 bytes).
    Removing stm32f3xx_hal_tim.o(i.TIM_DMAPeriodElapsedCplt), (16 bytes).
    Removing stm32f3xx_hal_tim.o(i.TIM_DMATriggerCplt), (16 bytes).
    Removing stm32f3xx_hal_tim.o(i.TIM_SlaveTimer_SetConfig), (128 bytes).
    Removing stm32f3xx_hal_tim.o(i.TIM_TI1_SetConfig), (120 bytes).
    Removing stm32f3xx_hal_tim.o(i.TIM_TI2_SetConfig), (54 bytes).
    Removing stm32f3xx_hal_tim_ex.o(.rev16_text), (4 bytes).
    Removing stm32f3xx_hal_tim_ex.o(.revsh_text), (4 bytes).
    Removing stm32f3xx_hal_tim_ex.o(.rrx_text), (6 bytes).
    Removing stm32f3xx_hal_tim_ex.o(i.HAL_TIMEx_Break2Callback), (2 bytes).
    Removing stm32f3xx_hal_tim_ex.o(i.HAL_TIMEx_BreakCallback), (2 bytes).
    Removing stm32f3xx_hal_tim_ex.o(i.HAL_TIMEx_CommutationCallback), (2 bytes).
    Removing stm32f3xx_hal_tim_ex.o(i.HAL_TIMEx_ConfigCommutationEvent), (92 bytes).
    Removing stm32f3xx_hal_tim_ex.o(i.HAL_TIMEx_ConfigCommutationEvent_DMA), (124 bytes).
    Removing stm32f3xx_hal_tim_ex.o(i.HAL_TIMEx_ConfigCommutationEvent_IT), (102 bytes).
    Removing stm32f3xx_hal_tim_ex.o(i.HAL_TIMEx_GroupChannel5), (56 bytes).
    Removing stm32f3xx_hal_tim_ex.o(i.HAL_TIMEx_HallSensor_DeInit), (56 bytes).
    Removing stm32f3xx_hal_tim_ex.o(i.HAL_TIMEx_HallSensor_GetState), (6 bytes).
    Removing stm32f3xx_hal_tim_ex.o(i.HAL_TIMEx_HallSensor_Init), (192 bytes).
    Removing stm32f3xx_hal_tim_ex.o(i.HAL_TIMEx_HallSensor_MspDeInit), (2 bytes).
    Removing stm32f3xx_hal_tim_ex.o(i.HAL_TIMEx_HallSensor_MspInit), (2 bytes).
    Removing stm32f3xx_hal_tim_ex.o(i.HAL_TIMEx_HallSensor_Start), (28 bytes).
    Removing stm32f3xx_hal_tim_ex.o(i.HAL_TIMEx_HallSensor_Start_DMA), (104 bytes).
    Removing stm32f3xx_hal_tim_ex.o(i.HAL_TIMEx_HallSensor_Start_IT), (38 bytes).
    Removing stm32f3xx_hal_tim_ex.o(i.HAL_TIMEx_HallSensor_Stop), (46 bytes).
    Removing stm32f3xx_hal_tim_ex.o(i.HAL_TIMEx_HallSensor_Stop_DMA), (56 bytes).
    Removing stm32f3xx_hal_tim_ex.o(i.HAL_TIMEx_HallSensor_Stop_IT), (56 bytes).
    Removing stm32f3xx_hal_tim_ex.o(i.HAL_TIMEx_OCN_Start), (36 bytes).
    Removing stm32f3xx_hal_tim_ex.o(i.HAL_TIMEx_OCN_Start_DMA), (184 bytes).
    Removing stm32f3xx_hal_tim_ex.o(i.HAL_TIMEx_OCN_Start_IT), (84 bytes).
    Removing stm32f3xx_hal_tim_ex.o(i.HAL_TIMEx_OCN_Stop), (68 bytes).
    Removing stm32f3xx_hal_tim_ex.o(i.HAL_TIMEx_OCN_Stop_DMA), (112 bytes).
    Removing stm32f3xx_hal_tim_ex.o(i.HAL_TIMEx_OCN_Stop_IT), (122 bytes).
    Removing stm32f3xx_hal_tim_ex.o(i.HAL_TIMEx_OnePulseN_Start), (26 bytes).
    Removing stm32f3xx_hal_tim_ex.o(i.HAL_TIMEx_OnePulseN_Start_IT), (46 bytes).
    Removing stm32f3xx_hal_tim_ex.o(i.HAL_TIMEx_OnePulseN_Stop), (68 bytes).
    Removing stm32f3xx_hal_tim_ex.o(i.HAL_TIMEx_OnePulseN_Stop_IT), (88 bytes).
    Removing stm32f3xx_hal_tim_ex.o(i.HAL_TIMEx_PWMN_Start), (36 bytes).
    Removing stm32f3xx_hal_tim_ex.o(i.HAL_TIMEx_PWMN_Start_DMA), (184 bytes).
    Removing stm32f3xx_hal_tim_ex.o(i.HAL_TIMEx_PWMN_Start_IT), (84 bytes).
    Removing stm32f3xx_hal_tim_ex.o(i.HAL_TIMEx_PWMN_Stop), (68 bytes).
    Removing stm32f3xx_hal_tim_ex.o(i.HAL_TIMEx_PWMN_Stop_DMA), (112 bytes).
    Removing stm32f3xx_hal_tim_ex.o(i.HAL_TIMEx_PWMN_Stop_IT), (122 bytes).
    Removing stm32f3xx_hal_tim_ex.o(i.HAL_TIMEx_RemapConfig), (36 bytes).
    Removing stm32f3xx_hal_tim_ex.o(i.HAL_TIM_ConfigOCrefClear), (272 bytes).
    Removing stm32f3xx_hal_tim_ex.o(i.HAL_TIM_OC_ConfigChannel), (114 bytes).
    Removing stm32f3xx_hal_tim_ex.o(i.TIMEx_DMACommutationCplt), (16 bytes).
    Removing stm32f3xx_hal_tim_ex.o(i.TIM_CCxNChannelCmd), (22 bytes).
    Removing stm32f3xx_hal_uart.o(.rev16_text), (4 bytes).
    Removing stm32f3xx_hal_uart.o(.revsh_text), (4 bytes).
    Removing stm32f3xx_hal_uart.o(.rrx_text), (6 bytes).
    Removing stm32f3xx_hal_uart.o(i.HAL_HalfDuplex_EnableReceiver), (58 bytes).
    Removing stm32f3xx_hal_uart.o(i.HAL_HalfDuplex_EnableTransmitter), (58 bytes).
    Removing stm32f3xx_hal_uart.o(i.HAL_HalfDuplex_Init), (116 bytes).
    Removing stm32f3xx_hal_uart.o(i.HAL_LIN_Init), (140 bytes).
    Removing stm32f3xx_hal_uart.o(i.HAL_LIN_SendBreak), (46 bytes).
    Removing stm32f3xx_hal_uart.o(i.HAL_MultiProcessor_DisableMuteMode), (44 bytes).
    Removing stm32f3xx_hal_uart.o(i.HAL_MultiProcessor_EnableMuteMode), (44 bytes).
    Removing stm32f3xx_hal_uart.o(i.HAL_MultiProcessor_EnterMuteMode), (12 bytes).
    Removing stm32f3xx_hal_uart.o(i.HAL_MultiProcessor_Init), (138 bytes).
    Removing stm32f3xx_hal_uart.o(i.HAL_UART_Abort), (112 bytes).
    Removing stm32f3xx_hal_uart.o(i.HAL_UART_AbortCpltCallback), (2 bytes).
    Removing stm32f3xx_hal_uart.o(i.HAL_UART_AbortReceive), (76 bytes).
    Removing stm32f3xx_hal_uart.o(i.HAL_UART_AbortReceiveCpltCallback), (2 bytes).
    Removing stm32f3xx_hal_uart.o(i.HAL_UART_AbortReceive_IT), (108 bytes).
    Removing stm32f3xx_hal_uart.o(i.HAL_UART_AbortTransmit), (58 bytes).
    Removing stm32f3xx_hal_uart.o(i.HAL_UART_AbortTransmitCpltCallback), (2 bytes).
    Removing stm32f3xx_hal_uart.o(i.HAL_UART_AbortTransmit_IT), (84 bytes).
    Removing stm32f3xx_hal_uart.o(i.HAL_UART_Abort_IT), (180 bytes).
    Removing stm32f3xx_hal_uart.o(i.HAL_UART_DMAPause), (98 bytes).
    Removing stm32f3xx_hal_uart.o(i.HAL_UART_DMAResume), (92 bytes).
    Removing stm32f3xx_hal_uart.o(i.HAL_UART_DMAStop), (84 bytes).
    Removing stm32f3xx_hal_uart.o(i.HAL_UART_DeInit), (64 bytes).
    Removing stm32f3xx_hal_uart.o(i.HAL_UART_ErrorCallback), (2 bytes).
    Removing stm32f3xx_hal_uart.o(i.HAL_UART_GetError), (4 bytes).
    Removing stm32f3xx_hal_uart.o(i.HAL_UART_GetState), (10 bytes).
    Removing stm32f3xx_hal_uart.o(i.HAL_UART_IRQHandler), (320 bytes).
    Removing stm32f3xx_hal_uart.o(i.HAL_UART_Init), (106 bytes).
    Removing stm32f3xx_hal_uart.o(i.HAL_UART_MspDeInit), (2 bytes).
    Removing stm32f3xx_hal_uart.o(i.HAL_UART_MspInit), (2 bytes).
    Removing stm32f3xx_hal_uart.o(i.HAL_UART_Receive), (230 bytes).
    Removing stm32f3xx_hal_uart.o(i.HAL_UART_Receive_DMA), (144 bytes).
    Removing stm32f3xx_hal_uart.o(i.HAL_UART_Receive_IT), (140 bytes).
    Removing stm32f3xx_hal_uart.o(i.HAL_UART_RxCpltCallback), (2 bytes).
    Removing stm32f3xx_hal_uart.o(i.HAL_UART_RxHalfCpltCallback), (2 bytes).
    Removing stm32f3xx_hal_uart.o(i.HAL_UART_Transmit), (180 bytes).
    Removing stm32f3xx_hal_uart.o(i.HAL_UART_Transmit_DMA), (136 bytes).
    Removing stm32f3xx_hal_uart.o(i.HAL_UART_Transmit_IT), (62 bytes).
    Removing stm32f3xx_hal_uart.o(i.HAL_UART_TxCpltCallback), (2 bytes).
    Removing stm32f3xx_hal_uart.o(i.HAL_UART_TxHalfCpltCallback), (2 bytes).
    Removing stm32f3xx_hal_uart.o(i.UART_AdvFeatureConfig), (200 bytes).
    Removing stm32f3xx_hal_uart.o(i.UART_CheckIdleState), (92 bytes).
    Removing stm32f3xx_hal_uart.o(i.UART_DMAAbortOnError), (20 bytes).
    Removing stm32f3xx_hal_uart.o(i.UART_DMAError), (74 bytes).
    Removing stm32f3xx_hal_uart.o(i.UART_DMAReceiveCplt), (62 bytes).
    Removing stm32f3xx_hal_uart.o(i.UART_DMARxAbortCallback), (52 bytes).
    Removing stm32f3xx_hal_uart.o(i.UART_DMARxHalfCplt), (10 bytes).
    Removing stm32f3xx_hal_uart.o(i.UART_DMARxOnlyAbortCallback), (28 bytes).
    Removing stm32f3xx_hal_uart.o(i.UART_DMATransmitCplt), (48 bytes).
    Removing stm32f3xx_hal_uart.o(i.UART_DMATxAbortCallback), (52 bytes).
    Removing stm32f3xx_hal_uart.o(i.UART_DMATxHalfCplt), (10 bytes).
    Removing stm32f3xx_hal_uart.o(i.UART_DMATxOnlyAbortCallback), (22 bytes).
    Removing stm32f3xx_hal_uart.o(i.UART_EndRxTransfer), (28 bytes).
    Removing stm32f3xx_hal_uart.o(i.UART_EndTransmit_IT), (26 bytes).
    Removing stm32f3xx_hal_uart.o(i.UART_EndTxTransfer), (18 bytes).
    Removing stm32f3xx_hal_uart.o(i.UART_Receive_IT), (118 bytes).
    Removing stm32f3xx_hal_uart.o(i.UART_SetConfig), (472 bytes).
    Removing stm32f3xx_hal_uart.o(i.UART_Transmit_IT), (100 bytes).
    Removing stm32f3xx_hal_uart.o(i.UART_WaitOnFlagUntilTimeout), (100 bytes).
    Removing stm32f3xx_hal_uart.o(i.UART_Wakeup_AddressConfig), (30 bytes).
    Removing stm32f3xx_hal_uart_ex.o(.rev16_text), (4 bytes).
    Removing stm32f3xx_hal_uart_ex.o(.revsh_text), (4 bytes).
    Removing stm32f3xx_hal_uart_ex.o(.rrx_text), (6 bytes).
    Removing stm32f3xx_hal_uart_ex.o(i.HAL_MultiProcessorEx_AddressLength_Set), (48 bytes).
    Removing stm32f3xx_hal_uart_ex.o(i.HAL_RS485Ex_Init), (140 bytes).
    Removing stm32f3xx_hal_uart_ex.o(i.HAL_UARTEx_DisableStopMode), (46 bytes).
    Removing stm32f3xx_hal_uart_ex.o(i.HAL_UARTEx_EnableStopMode), (46 bytes).
    Removing stm32f3xx_hal_uart_ex.o(i.HAL_UARTEx_StopModeWakeUpSourceConfig), (118 bytes).
    Removing stm32f3xx_hal_uart_ex.o(i.HAL_UARTEx_WakeupCallback), (2 bytes).
    Removing stm32f3xx_hal.o(.rev16_text), (4 bytes).
    Removing stm32f3xx_hal.o(.revsh_text), (4 bytes).
    Removing stm32f3xx_hal.o(.rrx_text), (6 bytes).
    Removing stm32f3xx_hal.o(i.HAL_DBGMCU_DisableDBGSleepMode), (16 bytes).
    Removing stm32f3xx_hal.o(i.HAL_DBGMCU_DisableDBGStandbyMode), (16 bytes).
    Removing stm32f3xx_hal.o(i.HAL_DBGMCU_DisableDBGStopMode), (16 bytes).
    Removing stm32f3xx_hal.o(i.HAL_DBGMCU_EnableDBGSleepMode), (16 bytes).
    Removing stm32f3xx_hal.o(i.HAL_DBGMCU_EnableDBGStandbyMode), (16 bytes).
    Removing stm32f3xx_hal.o(i.HAL_DBGMCU_EnableDBGStopMode), (16 bytes).
    Removing stm32f3xx_hal.o(i.HAL_DeInit), (36 bytes).
    Removing stm32f3xx_hal.o(i.HAL_Delay), (36 bytes).
    Removing stm32f3xx_hal.o(i.HAL_GetDEVID), (16 bytes).
    Removing stm32f3xx_hal.o(i.HAL_GetHalVersion), (8 bytes).
    Removing stm32f3xx_hal.o(i.HAL_GetREVID), (12 bytes).
    Removing stm32f3xx_hal.o(i.HAL_GetTickFreq), (12 bytes).
    Removing stm32f3xx_hal.o(i.HAL_GetTickPrio), (12 bytes).
    Removing stm32f3xx_hal.o(i.HAL_GetUIDw0), (12 bytes).
    Removing stm32f3xx_hal.o(i.HAL_GetUIDw1), (12 bytes).
    Removing stm32f3xx_hal.o(i.HAL_GetUIDw2), (12 bytes).
    Removing stm32f3xx_hal.o(i.HAL_MspDeInit), (2 bytes).
    Removing stm32f3xx_hal.o(i.HAL_MspInit), (2 bytes).
    Removing stm32f3xx_hal.o(i.HAL_ResumeTick), (14 bytes).
    Removing stm32f3xx_hal.o(i.HAL_SetTickFreq), (28 bytes).
    Removing stm32f3xx_hal.o(i.HAL_SuspendTick), (14 bytes).
    Removing stm32f3xx_hal_rcc.o(.rev16_text), (4 bytes).
    Removing stm32f3xx_hal_rcc.o(.revsh_text), (4 bytes).
    Removing stm32f3xx_hal_rcc.o(.rrx_text), (6 bytes).
    Removing stm32f3xx_hal_rcc.o(i.HAL_RCC_CSSCallback), (2 bytes).
    Removing stm32f3xx_hal_rcc.o(i.HAL_RCC_DeInit), (216 bytes).
    Removing stm32f3xx_hal_rcc.o(i.HAL_RCC_DisableCSS), (28 bytes).
    Removing stm32f3xx_hal_rcc.o(i.HAL_RCC_EnableCSS), (24 bytes).
    Removing stm32f3xx_hal_rcc.o(i.HAL_RCC_GetClockConfig), (64 bytes).
    Removing stm32f3xx_hal_rcc.o(i.HAL_RCC_GetHCLKFreq), (12 bytes).
    Removing stm32f3xx_hal_rcc.o(i.HAL_RCC_GetOscConfig), (152 bytes).
    Removing stm32f3xx_hal_rcc.o(i.HAL_RCC_GetPCLK1Freq), (48 bytes).
    Removing stm32f3xx_hal_rcc.o(i.HAL_RCC_GetPCLK2Freq), (48 bytes).
    Removing stm32f3xx_hal_rcc.o(i.HAL_RCC_MCOConfig), (76 bytes).
    Removing stm32f3xx_hal_rcc.o(i.HAL_RCC_NMI_IRQHandler), (24 bytes).
    Removing stm32f3xx_hal_rcc_ex.o(.rev16_text), (4 bytes).
    Removing stm32f3xx_hal_rcc_ex.o(.revsh_text), (4 bytes).
    Removing stm32f3xx_hal_rcc_ex.o(.rrx_text), (6 bytes).
    Removing stm32f3xx_hal_rcc_ex.o(i.HAL_RCCEx_GetPeriphCLKConfig), (300 bytes).
    Removing stm32f3xx_hal_rcc_ex.o(i.HAL_RCCEx_GetPeriphCLKFreq), (724 bytes).
    Removing stm32f3xx_hal_rcc_ex.o(i.RCC_GetPLLCLKFreq), (48 bytes).
    Removing stm32f3xx_hal_rcc_ex.o(.constdata), (32 bytes).
    Removing stm32f3xx_hal_gpio.o(.rev16_text), (4 bytes).
    Removing stm32f3xx_hal_gpio.o(.revsh_text), (4 bytes).
    Removing stm32f3xx_hal_gpio.o(.rrx_text), (6 bytes).
    Removing stm32f3xx_hal_gpio.o(i.HAL_GPIO_DeInit), (320 bytes).
    Removing stm32f3xx_hal_gpio.o(i.HAL_GPIO_EXTI_Callback), (2 bytes).
    Removing stm32f3xx_hal_gpio.o(i.HAL_GPIO_EXTI_IRQHandler), (24 bytes).
    Removing stm32f3xx_hal_gpio.o(i.HAL_GPIO_LockPin), (34 bytes).
    Removing stm32f3xx_hal_gpio.o(i.HAL_GPIO_ReadPin), (10 bytes).
    Removing stm32f3xx_hal_gpio.o(i.HAL_GPIO_TogglePin), (8 bytes).
    Removing stm32f3xx_hal_gpio.o(i.HAL_GPIO_WritePin), (10 bytes).
    Removing stm32f3xx_hal_dma.o(.rev16_text), (4 bytes).
    Removing stm32f3xx_hal_dma.o(.revsh_text), (4 bytes).
    Removing stm32f3xx_hal_dma.o(.rrx_text), (6 bytes).
    Removing stm32f3xx_hal_dma.o(i.DMA_CalcBaseAndBitshift), (60 bytes).
    Removing stm32f3xx_hal_dma.o(i.DMA_SetConfig), (42 bytes).
    Removing stm32f3xx_hal_dma.o(i.HAL_DMA_Abort), (48 bytes).
    Removing stm32f3xx_hal_dma.o(i.HAL_DMA_Abort_IT), (74 bytes).
    Removing stm32f3xx_hal_dma.o(i.HAL_DMA_DeInit), (78 bytes).
    Removing stm32f3xx_hal_dma.o(i.HAL_DMA_GetError), (4 bytes).
    Removing stm32f3xx_hal_dma.o(i.HAL_DMA_GetState), (6 bytes).
    Removing stm32f3xx_hal_dma.o(i.HAL_DMA_IRQHandler), (168 bytes).
    Removing stm32f3xx_hal_dma.o(i.HAL_DMA_Init), (78 bytes).
    Removing stm32f3xx_hal_dma.o(i.HAL_DMA_PollForTransfer), (206 bytes).
    Removing stm32f3xx_hal_dma.o(i.HAL_DMA_RegisterCallback), (74 bytes).
    Removing stm32f3xx_hal_dma.o(i.HAL_DMA_Start), (80 bytes).
    Removing stm32f3xx_hal_dma.o(i.HAL_DMA_Start_IT), (112 bytes).
    Removing stm32f3xx_hal_dma.o(i.HAL_DMA_UnRegisterCallback), (82 bytes).
    Removing stm32f3xx_hal_cortex.o(.rev16_text), (4 bytes).
    Removing stm32f3xx_hal_cortex.o(.revsh_text), (4 bytes).
    Removing stm32f3xx_hal_cortex.o(.rrx_text), (6 bytes).
    Removing stm32f3xx_hal_cortex.o(i.HAL_MPU_ConfigRegion), (84 bytes).
    Removing stm32f3xx_hal_cortex.o(i.HAL_MPU_Disable), (24 bytes).
    Removing stm32f3xx_hal_cortex.o(i.HAL_MPU_Enable), (28 bytes).
    Removing stm32f3xx_hal_cortex.o(i.HAL_NVIC_ClearPendingIRQ), (22 bytes).
    Removing stm32f3xx_hal_cortex.o(i.HAL_NVIC_DisableIRQ), (22 bytes).
    Removing stm32f3xx_hal_cortex.o(i.HAL_NVIC_EnableIRQ), (22 bytes).
    Removing stm32f3xx_hal_cortex.o(i.HAL_NVIC_GetActive), (32 bytes).
    Removing stm32f3xx_hal_cortex.o(i.HAL_NVIC_GetPendingIRQ), (32 bytes).
    Removing stm32f3xx_hal_cortex.o(i.HAL_NVIC_GetPriority), (82 bytes).
    Removing stm32f3xx_hal_cortex.o(i.HAL_NVIC_GetPriorityGrouping), (16 bytes).
    Removing stm32f3xx_hal_cortex.o(i.HAL_NVIC_SetPendingIRQ), (22 bytes).
    Removing stm32f3xx_hal_cortex.o(i.HAL_NVIC_SystemReset), (36 bytes).
    Removing stm32f3xx_hal_cortex.o(i.HAL_SYSTICK_CLKSourceConfig), (24 bytes).
    Removing stm32f3xx_hal_cortex.o(i.HAL_SYSTICK_Callback), (2 bytes).
    Removing stm32f3xx_hal_cortex.o(i.HAL_SYSTICK_IRQHandler), (8 bytes).
    Removing stm32f3xx_hal_pwr.o(.rev16_text), (4 bytes).
    Removing stm32f3xx_hal_pwr.o(.revsh_text), (4 bytes).
    Removing stm32f3xx_hal_pwr.o(.rrx_text), (6 bytes).
    Removing stm32f3xx_hal_pwr.o(i.HAL_PWR_DeInit), (24 bytes).
    Removing stm32f3xx_hal_pwr.o(i.HAL_PWR_DisableBkUpAccess), (16 bytes).
    Removing stm32f3xx_hal_pwr.o(i.HAL_PWR_DisableSEVOnPend), (16 bytes).
    Removing stm32f3xx_hal_pwr.o(i.HAL_PWR_DisableSleepOnExit), (16 bytes).
    Removing stm32f3xx_hal_pwr.o(i.HAL_PWR_DisableWakeUpPin), (16 bytes).
    Removing stm32f3xx_hal_pwr.o(i.HAL_PWR_EnableBkUpAccess), (16 bytes).
    Removing stm32f3xx_hal_pwr.o(i.HAL_PWR_EnableSEVOnPend), (16 bytes).
    Removing stm32f3xx_hal_pwr.o(i.HAL_PWR_EnableSleepOnExit), (16 bytes).
    Removing stm32f3xx_hal_pwr.o(i.HAL_PWR_EnableWakeUpPin), (16 bytes).
    Removing stm32f3xx_hal_pwr.o(i.HAL_PWR_EnterSLEEPMode), (32 bytes).
    Removing stm32f3xx_hal_pwr.o(i.HAL_PWR_EnterSTANDBYMode), (32 bytes).
    Removing stm32f3xx_hal_pwr.o(i.HAL_PWR_EnterSTOPMode), (56 bytes).
    Removing stm32f3xx_hal_pwr_ex.o(.rev16_text), (4 bytes).
    Removing stm32f3xx_hal_pwr_ex.o(.revsh_text), (4 bytes).
    Removing stm32f3xx_hal_pwr_ex.o(.rrx_text), (6 bytes).
    Removing stm32f3xx_hal_pwr_ex.o(i.HAL_PWR_ConfigPVD), (124 bytes).
    Removing stm32f3xx_hal_pwr_ex.o(i.HAL_PWR_DisablePVD), (16 bytes).
    Removing stm32f3xx_hal_pwr_ex.o(i.HAL_PWR_EnablePVD), (16 bytes).
    Removing stm32f3xx_hal_pwr_ex.o(i.HAL_PWR_PVDCallback), (2 bytes).
    Removing stm32f3xx_hal_pwr_ex.o(i.HAL_PWR_PVD_IRQHandler), (28 bytes).
    Removing stm32f3xx_hal_flash.o(.rev16_text), (4 bytes).
    Removing stm32f3xx_hal_flash.o(.revsh_text), (4 bytes).
    Removing stm32f3xx_hal_flash.o(.rrx_text), (6 bytes).
    Removing stm32f3xx_hal_flash.o(i.FLASH_Program_HalfWord), (28 bytes).
    Removing stm32f3xx_hal_flash.o(i.FLASH_SetErrorCode), (52 bytes).
    Removing stm32f3xx_hal_flash.o(i.FLASH_WaitForLastOperation), (80 bytes).
    Removing stm32f3xx_hal_flash.o(i.HAL_FLASH_EndOfOperationCallback), (2 bytes).
    Removing stm32f3xx_hal_flash.o(i.HAL_FLASH_GetError), (12 bytes).
    Removing stm32f3xx_hal_flash.o(i.HAL_FLASH_IRQHandler), (264 bytes).
    Removing stm32f3xx_hal_flash.o(i.HAL_FLASH_Lock), (20 bytes).
    Removing stm32f3xx_hal_flash.o(i.HAL_FLASH_OB_Launch), (24 bytes).
    Removing stm32f3xx_hal_flash.o(i.HAL_FLASH_OB_Lock), (20 bytes).
    Removing stm32f3xx_hal_flash.o(i.HAL_FLASH_OB_Unlock), (36 bytes).
    Removing stm32f3xx_hal_flash.o(i.HAL_FLASH_OperationErrorCallback), (2 bytes).
    Removing stm32f3xx_hal_flash.o(i.HAL_FLASH_Program), (128 bytes).
    Removing stm32f3xx_hal_flash.o(i.HAL_FLASH_Program_IT), (100 bytes).
    Removing stm32f3xx_hal_flash.o(i.HAL_FLASH_Unlock), (40 bytes).
    Removing stm32f3xx_hal_flash.o(.bss), (32 bytes).
    Removing stm32f3xx_hal_flash_ex.o(.rev16_text), (4 bytes).
    Removing stm32f3xx_hal_flash_ex.o(.revsh_text), (4 bytes).
    Removing stm32f3xx_hal_flash_ex.o(.rrx_text), (6 bytes).
    Removing stm32f3xx_hal_flash_ex.o(i.FLASH_MassErase), (36 bytes).
    Removing stm32f3xx_hal_flash_ex.o(i.FLASH_OB_DisableWRP), (176 bytes).
    Removing stm32f3xx_hal_flash_ex.o(i.FLASH_OB_EnableWRP), (176 bytes).
    Removing stm32f3xx_hal_flash_ex.o(i.FLASH_OB_GetRDP), (32 bytes).
    Removing stm32f3xx_hal_flash_ex.o(i.FLASH_OB_RDP_LevelConfig), (100 bytes).
    Removing stm32f3xx_hal_flash_ex.o(i.FLASH_PageErase), (36 bytes).
    Removing stm32f3xx_hal_flash_ex.o(i.HAL_FLASHEx_Erase), (168 bytes).
    Removing stm32f3xx_hal_flash_ex.o(i.HAL_FLASHEx_Erase_IT), (84 bytes).
    Removing stm32f3xx_hal_flash_ex.o(i.HAL_FLASHEx_OBErase), (84 bytes).
    Removing stm32f3xx_hal_flash_ex.o(i.HAL_FLASHEx_OBGetConfig), (48 bytes).
    Removing stm32f3xx_hal_flash_ex.o(i.HAL_FLASHEx_OBGetUserData), (48 bytes).
    Removing stm32f3xx_hal_flash_ex.o(i.HAL_FLASHEx_OBProgram), (200 bytes).
    Removing stm32f3xx_hal_i2c.o(.rev16_text), (4 bytes).
    Removing stm32f3xx_hal_i2c.o(.revsh_text), (4 bytes).
    Removing stm32f3xx_hal_i2c.o(.rrx_text), (6 bytes).
    Removing stm32f3xx_hal_i2c.o(i.HAL_I2C_AbortCpltCallback), (2 bytes).
    Removing stm32f3xx_hal_i2c.o(i.HAL_I2C_AddrCallback), (2 bytes).
    Removing stm32f3xx_hal_i2c.o(i.HAL_I2C_DeInit), (50 bytes).
    Removing stm32f3xx_hal_i2c.o(i.HAL_I2C_DisableListen_IT), (54 bytes).
    Removing stm32f3xx_hal_i2c.o(i.HAL_I2C_ER_IRQHandler), (98 bytes).
    Removing stm32f3xx_hal_i2c.o(i.HAL_I2C_EV_IRQHandler), (16 bytes).
    Removing stm32f3xx_hal_i2c.o(i.HAL_I2C_EnableListen_IT), (40 bytes).
    Removing stm32f3xx_hal_i2c.o(i.HAL_I2C_ErrorCallback), (2 bytes).
    Removing stm32f3xx_hal_i2c.o(i.HAL_I2C_GetError), (4 bytes).
    Removing stm32f3xx_hal_i2c.o(i.HAL_I2C_GetMode), (6 bytes).
    Removing stm32f3xx_hal_i2c.o(i.HAL_I2C_GetState), (6 bytes).
    Removing stm32f3xx_hal_i2c.o(i.HAL_I2C_Init), (184 bytes).
    Removing stm32f3xx_hal_i2c.o(i.HAL_I2C_IsDeviceReady), (288 bytes).
    Removing stm32f3xx_hal_i2c.o(i.HAL_I2C_ListenCpltCallback), (2 bytes).
    Removing stm32f3xx_hal_i2c.o(i.HAL_I2C_MasterRxCpltCallback), (2 bytes).
    Removing stm32f3xx_hal_i2c.o(i.HAL_I2C_MasterTxCpltCallback), (2 bytes).
    Removing stm32f3xx_hal_i2c.o(i.HAL_I2C_Master_Abort_IT), (96 bytes).
    Removing stm32f3xx_hal_i2c.o(i.HAL_I2C_Master_Receive), (304 bytes).
    Removing stm32f3xx_hal_i2c.o(i.HAL_I2C_Master_Receive_DMA), (244 bytes).
    Removing stm32f3xx_hal_i2c.o(i.HAL_I2C_Master_Receive_IT), (136 bytes).
    Removing stm32f3xx_hal_i2c.o(i.HAL_I2C_Master_Sequential_Receive_IT), (128 bytes).
    Removing stm32f3xx_hal_i2c.o(i.HAL_I2C_Master_Sequential_Transmit_IT), (124 bytes).
    Removing stm32f3xx_hal_i2c.o(i.HAL_I2C_Master_Transmit), (300 bytes).
    Removing stm32f3xx_hal_i2c.o(i.HAL_I2C_Master_Transmit_DMA), (248 bytes).
    Removing stm32f3xx_hal_i2c.o(i.HAL_I2C_Master_Transmit_IT), (136 bytes).
    Removing stm32f3xx_hal_i2c.o(i.HAL_I2C_MemRxCpltCallback), (2 bytes).
    Removing stm32f3xx_hal_i2c.o(i.HAL_I2C_MemTxCpltCallback), (2 bytes).
    Removing stm32f3xx_hal_i2c.o(i.HAL_I2C_Mem_Read), (368 bytes).
    Removing stm32f3xx_hal_i2c.o(i.HAL_I2C_Mem_Read_DMA), (264 bytes).
    Removing stm32f3xx_hal_i2c.o(i.HAL_I2C_Mem_Read_IT), (204 bytes).
    Removing stm32f3xx_hal_i2c.o(i.HAL_I2C_Mem_Write), (360 bytes).
    Removing stm32f3xx_hal_i2c.o(i.HAL_I2C_Mem_Write_DMA), (260 bytes).
    Removing stm32f3xx_hal_i2c.o(i.HAL_I2C_Mem_Write_IT), (200 bytes).
    Removing stm32f3xx_hal_i2c.o(i.HAL_I2C_MspDeInit), (2 bytes).
    Removing stm32f3xx_hal_i2c.o(i.HAL_I2C_MspInit), (2 bytes).
    Removing stm32f3xx_hal_i2c.o(i.HAL_I2C_SlaveRxCpltCallback), (2 bytes).
    Removing stm32f3xx_hal_i2c.o(i.HAL_I2C_SlaveTxCpltCallback), (2 bytes).
    Removing stm32f3xx_hal_i2c.o(i.HAL_I2C_Slave_Receive), (314 bytes).
    Removing stm32f3xx_hal_i2c.o(i.HAL_I2C_Slave_Receive_DMA), (164 bytes).
    Removing stm32f3xx_hal_i2c.o(i.HAL_I2C_Slave_Receive_IT), (92 bytes).
    Removing stm32f3xx_hal_i2c.o(i.HAL_I2C_Slave_Sequential_Receive_IT), (152 bytes).
    Removing stm32f3xx_hal_i2c.o(i.HAL_I2C_Slave_Sequential_Transmit_IT), (152 bytes).
    Removing stm32f3xx_hal_i2c.o(i.HAL_I2C_Slave_Transmit), (314 bytes).
    Removing stm32f3xx_hal_i2c.o(i.HAL_I2C_Slave_Transmit_DMA), (156 bytes).
    Removing stm32f3xx_hal_i2c.o(i.HAL_I2C_Slave_Transmit_IT), (92 bytes).
    Removing stm32f3xx_hal_i2c.o(i.I2C_DMAAbort), (50 bytes).
    Removing stm32f3xx_hal_i2c.o(i.I2C_DMAError), (18 bytes).
    Removing stm32f3xx_hal_i2c.o(i.I2C_DMAMasterReceiveCplt), (66 bytes).
    Removing stm32f3xx_hal_i2c.o(i.I2C_DMAMasterTransmitCplt), (66 bytes).
    Removing stm32f3xx_hal_i2c.o(i.I2C_DMASlaveReceiveCplt), (2 bytes).
    Removing stm32f3xx_hal_i2c.o(i.I2C_DMASlaveTransmitCplt), (2 bytes).
    Removing stm32f3xx_hal_i2c.o(i.I2C_Disable_IRQ), (86 bytes).
    Removing stm32f3xx_hal_i2c.o(i.I2C_Enable_IRQ), (96 bytes).
    Removing stm32f3xx_hal_i2c.o(i.I2C_Flush_TXDR), (34 bytes).
    Removing stm32f3xx_hal_i2c.o(i.I2C_ITAddrCplt), (136 bytes).
    Removing stm32f3xx_hal_i2c.o(i.I2C_ITError), (224 bytes).
    Removing stm32f3xx_hal_i2c.o(i.I2C_ITListenCplt), (92 bytes).
    Removing stm32f3xx_hal_i2c.o(i.I2C_ITMasterCplt), (180 bytes).
    Removing stm32f3xx_hal_i2c.o(i.I2C_ITMasterSequentialCplt), (76 bytes).
    Removing stm32f3xx_hal_i2c.o(i.I2C_ITSlaveCplt), (240 bytes).
    Removing stm32f3xx_hal_i2c.o(i.I2C_ITSlaveSequentialCplt), (84 bytes).
    Removing stm32f3xx_hal_i2c.o(i.I2C_IsAcknowledgeFailed), (124 bytes).
    Removing stm32f3xx_hal_i2c.o(i.I2C_Master_ISR_DMA), (196 bytes).
    Removing stm32f3xx_hal_i2c.o(i.I2C_Master_ISR_IT), (288 bytes).
    Removing stm32f3xx_hal_i2c.o(i.I2C_RequestMemoryRead), (112 bytes).
    Removing stm32f3xx_hal_i2c.o(i.I2C_RequestMemoryWrite), (112 bytes).
    Removing stm32f3xx_hal_i2c.o(i.I2C_Slave_ISR_DMA), (106 bytes).
    Removing stm32f3xx_hal_i2c.o(i.I2C_Slave_ISR_IT), (272 bytes).
    Removing stm32f3xx_hal_i2c.o(i.I2C_TransferConfig), (44 bytes).
    Removing stm32f3xx_hal_i2c.o(i.I2C_WaitOnFlagUntilTimeout), (82 bytes).
    Removing stm32f3xx_hal_i2c.o(i.I2C_WaitOnRXNEFlagUntilTimeout), (136 bytes).
    Removing stm32f3xx_hal_i2c.o(i.I2C_WaitOnSTOPFlagUntilTimeout), (78 bytes).
    Removing stm32f3xx_hal_i2c.o(i.I2C_WaitOnTXISFlagUntilTimeout), (82 bytes).
    Removing stm32f3xx_hal_i2c_ex.o(.rev16_text), (4 bytes).
    Removing stm32f3xx_hal_i2c_ex.o(.revsh_text), (4 bytes).
    Removing stm32f3xx_hal_i2c_ex.o(.rrx_text), (6 bytes).
    Removing stm32f3xx_hal_i2c_ex.o(i.HAL_I2CEx_ConfigAnalogFilter), (86 bytes).
    Removing stm32f3xx_hal_i2c_ex.o(i.HAL_I2CEx_ConfigDigitalFilter), (82 bytes).
    Removing stm32f3xx_hal_i2c_ex.o(i.HAL_I2CEx_DisableFastModePlus), (40 bytes).
    Removing stm32f3xx_hal_i2c_ex.o(i.HAL_I2CEx_DisableWakeUp), (78 bytes).
    Removing stm32f3xx_hal_i2c_ex.o(i.HAL_I2CEx_EnableFastModePlus), (40 bytes).
    Removing stm32f3xx_hal_i2c_ex.o(i.HAL_I2CEx_EnableWakeUp), (78 bytes).
    Removing system_stm32f3xx.o(.rev16_text), (4 bytes).
    Removing system_stm32f3xx.o(.revsh_text), (4 bytes).
    Removing system_stm32f3xx.o(.rrx_text), (6 bytes).
    Removing system_stm32f3xx.o(i.SystemCoreClockUpdate), (92 bytes).
    Removing system_stm32f3xx.o(.constdata), (8 bytes).

458 unused section(s) (total 32061 bytes) removed from the image.

==============================================================================

Image Symbol Table

    Local Symbols

    Symbol Name                              Value     Ov Type        Size  Object(Section)

    ../Drivers/STM32F3xx_HAL_Driver/Src/stm32f3xx_hal.c 0x00000000   Number         0  stm32f3xx_hal.o ABSOLUTE
    ../Drivers/STM32F3xx_HAL_Driver/Src/stm32f3xx_hal_cortex.c 0x00000000   Number         0  stm32f3xx_hal_cortex.o ABSOLUTE
    ../Drivers/STM32F3xx_HAL_Driver/Src/stm32f3xx_hal_dma.c 0x00000000   Number         0  stm32f3xx_hal_dma.o ABSOLUTE
    ../Drivers/STM32F3xx_HAL_Driver/Src/stm32f3xx_hal_flash.c 0x00000000   Number         0  stm32f3xx_hal_flash.o ABSOLUTE
    ../Drivers/STM32F3xx_HAL_Driver/Src/stm32f3xx_hal_flash_ex.c 0x00000000   Number         0  stm32f3xx_hal_flash_ex.o ABSOLUTE
    ../Drivers/STM32F3xx_HAL_Driver/Src/stm32f3xx_hal_gpio.c 0x00000000   Number         0  stm32f3xx_hal_gpio.o ABSOLUTE
    ../Drivers/STM32F3xx_HAL_Driver/Src/stm32f3xx_hal_i2c.c 0x00000000   Number         0  stm32f3xx_hal_i2c.o ABSOLUTE
    ../Drivers/STM32F3xx_HAL_Driver/Src/stm32f3xx_hal_i2c_ex.c 0x00000000   Number         0  stm32f3xx_hal_i2c_ex.o ABSOLUTE
    ../Drivers/STM32F3xx_HAL_Driver/Src/stm32f3xx_hal_pwr.c 0x00000000   Number         0  stm32f3xx_hal_pwr.o ABSOLUTE
    ../Drivers/STM32F3xx_HAL_Driver/Src/stm32f3xx_hal_pwr_ex.c 0x00000000   Number         0  stm32f3xx_hal_pwr_ex.o ABSOLUTE
    ../Drivers/STM32F3xx_HAL_Driver/Src/stm32f3xx_hal_rcc.c 0x00000000   Number         0  stm32f3xx_hal_rcc.o ABSOLUTE
    ../Drivers/STM32F3xx_HAL_Driver/Src/stm32f3xx_hal_rcc_ex.c 0x00000000   Number         0  stm32f3xx_hal_rcc_ex.o ABSOLUTE
    ../Drivers/STM32F3xx_HAL_Driver/Src/stm32f3xx_hal_tim.c 0x00000000   Number         0  stm32f3xx_hal_tim.o ABSOLUTE
    ../Drivers/STM32F3xx_HAL_Driver/Src/stm32f3xx_hal_tim_ex.c 0x00000000   Number         0  stm32f3xx_hal_tim_ex.o ABSOLUTE
    ../Drivers/STM32F3xx_HAL_Driver/Src/stm32f3xx_hal_uart.c 0x00000000   Number         0  stm32f3xx_hal_uart.o ABSOLUTE
    ../Drivers/STM32F3xx_HAL_Driver/Src/stm32f3xx_hal_uart_ex.c 0x00000000   Number         0  stm32f3xx_hal_uart_ex.o ABSOLUTE
    ../Src/main.c                            0x00000000   Number         0  main.o ABSOLUTE
    ../Src/stm32f3xx_hal_msp.c               0x00000000   Number         0  stm32f3xx_hal_msp.o ABSOLUTE
    ../Src/stm32f3xx_it.c                    0x00000000   Number         0  stm32f3xx_it.o ABSOLUTE
    ../Src/system_stm32f3xx.c                0x00000000   Number         0  system_stm32f3xx.o ABSOLUTE
    ../clib/microlib/init/entry.s            0x00000000   Number         0  entry.o ABSOLUTE
    ../clib/microlib/init/entry.s            0x00000000   Number         0  entry2.o ABSOLUTE
    ../clib/microlib/init/entry.s            0x00000000   Number         0  entry8a.o ABSOLUTE
    ../clib/microlib/init/entry.s            0x00000000   Number         0  entry9a.o ABSOLUTE
    ../clib/microlib/init/entry.s            0x00000000   Number         0  entry8b.o ABSOLUTE
    ../clib/microlib/init/entry.s            0x00000000   Number         0  entry7b.o ABSOLUTE
    ../clib/microlib/init/entry.s            0x00000000   Number         0  entry7a.o ABSOLUTE
    ../clib/microlib/init/entry.s            0x00000000   Number         0  entry11b.o ABSOLUTE
    ../clib/microlib/init/entry.s            0x00000000   Number         0  entry5.o ABSOLUTE
    ../clib/microlib/init/entry.s            0x00000000   Number         0  entry9b.o ABSOLUTE
    ../clib/microlib/init/entry.s            0x00000000   Number         0  entry10a.o ABSOLUTE
    ../clib/microlib/init/entry.s            0x00000000   Number         0  entry10b.o ABSOLUTE
    ../clib/microlib/init/entry.s            0x00000000   Number         0  entry11a.o ABSOLUTE
    ../clib/microlib/longlong.c              0x00000000   Number         0  llushr.o ABSOLUTE
    ../clib/microlib/string/memcpy.c         0x00000000   Number         0  memcpya.o ABSOLUTE
    ../clib/microlib/string/memcpy.c         0x00000000   Number         0  memcpyb.o ABSOLUTE
    ../clib/microlib/string/memset.c         0x00000000   Number         0  memseta.o ABSOLUTE
    ..\Drivers\STM32F3xx_HAL_Driver\Src\stm32f3xx_hal.c 0x00000000   Number         0  stm32f3xx_hal.o ABSOLUTE
    ..\Drivers\STM32F3xx_HAL_Driver\Src\stm32f3xx_hal_cortex.c 0x00000000   Number         0  stm32f3xx_hal_cortex.o ABSOLUTE
    ..\Drivers\STM32F3xx_HAL_Driver\Src\stm32f3xx_hal_dma.c 0x00000000   Number         0  stm32f3xx_hal_dma.o ABSOLUTE
    ..\Drivers\STM32F3xx_HAL_Driver\Src\stm32f3xx_hal_flash.c 0x00000000   Number         0  stm32f3xx_hal_flash.o ABSOLUTE
    ..\Drivers\STM32F3xx_HAL_Driver\Src\stm32f3xx_hal_flash_ex.c 0x00000000   Number         0  stm32f3xx_hal_flash_ex.o ABSOLUTE
    ..\Drivers\STM32F3xx_HAL_Driver\Src\stm32f3xx_hal_gpio.c 0x00000000   Number         0  stm32f3xx_hal_gpio.o ABSOLUTE
    ..\Drivers\STM32F3xx_HAL_Driver\Src\stm32f3xx_hal_i2c.c 0x00000000   Number         0  stm32f3xx_hal_i2c.o ABSOLUTE
    ..\Drivers\STM32F3xx_HAL_Driver\Src\stm32f3xx_hal_i2c_ex.c 0x00000000   Number         0  stm32f3xx_hal_i2c_ex.o ABSOLUTE
    ..\Drivers\STM32F3xx_HAL_Driver\Src\stm32f3xx_hal_pwr.c 0x00000000   Number         0  stm32f3xx_hal_pwr.o ABSOLUTE
    ..\Drivers\STM32F3xx_HAL_Driver\Src\stm32f3xx_hal_pwr_ex.c 0x00000000   Number         0  stm32f3xx_hal_pwr_ex.o ABSOLUTE
    ..\Drivers\STM32F3xx_HAL_Driver\Src\stm32f3xx_hal_rcc.c 0x00000000   Number         0  stm32f3xx_hal_rcc.o ABSOLUTE
    ..\Drivers\STM32F3xx_HAL_Driver\Src\stm32f3xx_hal_rcc_ex.c 0x00000000   Number         0  stm32f3xx_hal_rcc_ex.o ABSOLUTE
    ..\Drivers\STM32F3xx_HAL_Driver\Src\stm32f3xx_hal_tim.c 0x00000000   Number         0  stm32f3xx_hal_tim.o ABSOLUTE
    ..\Drivers\STM32F3xx_HAL_Driver\Src\stm32f3xx_hal_tim_ex.c 0x00000000   Number         0  stm32f3xx_hal_tim_ex.o ABSOLUTE
    ..\Drivers\STM32F3xx_HAL_Driver\Src\stm32f3xx_hal_uart.c 0x00000000   Number         0  stm32f3xx_hal_uart.o ABSOLUTE
    ..\Drivers\STM32F3xx_HAL_Driver\Src\stm32f3xx_hal_uart_ex.c 0x00000000   Number         0  stm32f3xx_hal_uart_ex.o ABSOLUTE
    ..\Src\main.c                            0x00000000   Number         0  main.o ABSOLUTE
    ..\Src\stm32f3xx_hal_msp.c               0x00000000   Number         0  stm32f3xx_hal_msp.o ABSOLUTE
    ..\Src\stm32f3xx_it.c                    0x00000000   Number         0  stm32f3xx_it.o ABSOLUTE
    ..\Src\system_stm32f3xx.c                0x00000000   Number         0  system_stm32f3xx.o ABSOLUTE
    dc.s                                     0x00000000   Number         0  dc.o ABSOLUTE
    handlers.s                               0x00000000   Number         0  handlers.o ABSOLUTE
    init.s                                   0x00000000   Number         0  init.o ABSOLUTE
    startup_stm32f303xe.s                    0x00000000   Number         0  startup_stm32f303xe.o ABSOLUTE
    RESET                                    0x08000000   Section      404  startup_stm32f303xe.o(RESET)
    .ARM.Collect$$$$00000000                 0x08000194   Section        0  entry.o(.ARM.Collect$$$$00000000)
    .ARM.Collect$$$$00000001                 0x08000194   Section        4  entry2.o(.ARM.Collect$$$$00000001)
    .ARM.Collect$$$$00000004                 0x08000198   Section        4  entry5.o(.ARM.Collect$$$$00000004)
    .ARM.Collect$$$$00000008                 0x0800019c   Section        0  entry7b.o(.ARM.Collect$$$$00000008)
    .ARM.Collect$$$$0000000A                 0x0800019c   Section        0  entry8b.o(.ARM.Collect$$$$0000000A)
    .ARM.Collect$$$$0000000B                 0x0800019c   Section        8  entry9a.o(.ARM.Collect$$$$0000000B)
    .ARM.Collect$$$$0000000D                 0x080001a4   Section        0  entry10a.o(.ARM.Collect$$$$0000000D)
    .ARM.Collect$$$$0000000F                 0x080001a4   Section        0  entry11a.o(.ARM.Collect$$$$0000000F)
    .ARM.Collect$$$$00002712                 0x080001a4   Section        4  entry2.o(.ARM.Collect$$$$00002712)
    __lit__00000000                          0x080001a4   Data           4  entry2.o(.ARM.Collect$$$$00002712)
    .text                                    0x080001a8   Section       36  startup_stm32f303xe.o(.text)
    $v0                                      0x080001a8   Number         0  startup_stm32f303xe.o(.text)
    .text                                    0x080001cc   Section        0  memseta.o(.text)
    .text                                    0x080001f0   Section       36  init.o(.text)
    i.BusFault_Handler                       0x08000214   Section        0  stm32f3xx_it.o(i.BusFault_Handler)
    i.DebugMon_Handler                       0x08000216   Section        0  stm32f3xx_it.o(i.DebugMon_Handler)
    i.HAL_GPIO_Init                          0x08000218   Section        0  stm32f3xx_hal_gpio.o(i.HAL_GPIO_Init)
    i.HAL_GetTick                            0x080003e4   Section        0  stm32f3xx_hal.o(i.HAL_GetTick)
    i.HAL_IncTick                            0x080003f0   Section        0  stm32f3xx_hal.o(i.HAL_IncTick)
    i.HAL_Init                               0x08000400   Section        0  stm32f3xx_hal.o(i.HAL_Init)
    i.HAL_InitTick                           0x08000424   Section        0  stm32f3xx_hal.o(i.HAL_InitTick)
    i.HAL_MspInit                            0x08000464   Section        0  stm32f3xx_hal_msp.o(i.HAL_MspInit)
    i.HAL_NVIC_SetPriority                   0x08000494   Section        0  stm32f3xx_hal_cortex.o(i.HAL_NVIC_SetPriority)
    i.HAL_NVIC_SetPriorityGrouping           0x080004d4   Section        0  stm32f3xx_hal_cortex.o(i.HAL_NVIC_SetPriorityGrouping)
    i.HAL_RCCEx_PeriphCLKConfig              0x080004f8   Section        0  stm32f3xx_hal_rcc_ex.o(i.HAL_RCCEx_PeriphCLKConfig)
    i.HAL_RCC_ClockConfig                    0x0800078c   Section        0  stm32f3xx_hal_rcc.o(i.HAL_RCC_ClockConfig)
    i.HAL_RCC_GetSysClockFreq                0x080008d0   Section        0  stm32f3xx_hal_rcc.o(i.HAL_RCC_GetSysClockFreq)
    i.HAL_RCC_OscConfig                      0x08000928   Section        0  stm32f3xx_hal_rcc.o(i.HAL_RCC_OscConfig)
    i.HAL_SYSTICK_Config                     0x08000ec0   Section        0  stm32f3xx_hal_cortex.o(i.HAL_SYSTICK_Config)
    i.HAL_TIMEx_ConfigBreakDeadTime          0x08000ee8   Section        0  stm32f3xx_hal_tim_ex.o(i.HAL_TIMEx_ConfigBreakDeadTime)
    i.HAL_TIMEx_MasterConfigSynchronization  0x08000f84   Section        0  stm32f3xx_hal_tim_ex.o(i.HAL_TIMEx_MasterConfigSynchronization)
    i.HAL_TIM_Base_Init                      0x08000fe4   Section        0  stm32f3xx_hal_tim.o(i.HAL_TIM_Base_Init)
    i.HAL_TIM_Base_MspInit                   0x0800101c   Section        0  stm32f3xx_hal_msp.o(i.HAL_TIM_Base_MspInit)
    i.HAL_TIM_ConfigClockSource              0x08001044   Section        0  stm32f3xx_hal_tim.o(i.HAL_TIM_ConfigClockSource)
    i.HAL_TIM_MspPostInit                    0x08001140   Section        0  stm32f3xx_hal_msp.o(i.HAL_TIM_MspPostInit)
    i.HAL_TIM_PWM_ConfigChannel              0x08001190   Section        0  stm32f3xx_hal_tim_ex.o(i.HAL_TIM_PWM_ConfigChannel)
    i.HAL_TIM_PWM_Init                       0x080012b8   Section        0  stm32f3xx_hal_tim.o(i.HAL_TIM_PWM_Init)
    i.HAL_TIM_PWM_MspInit                    0x080012ee   Section        0  stm32f3xx_hal_tim.o(i.HAL_TIM_PWM_MspInit)
    i.HAL_TIM_PWM_Start                      0x080012f0   Section        0  stm32f3xx_hal_tim.o(i.HAL_TIM_PWM_Start)
    i.HardFault_Handler                      0x08001350   Section        0  stm32f3xx_it.o(i.HardFault_Handler)
    i.MX_TIM1_Init                           0x08001354   Section        0  main.o(i.MX_TIM1_Init)
    MX_TIM1_Init                             0x08001355   Thumb Code   178  main.o(i.MX_TIM1_Init)
    i.MemManage_Handler                      0x08001410   Section        0  stm32f3xx_it.o(i.MemManage_Handler)
    i.NMI_Handler                            0x08001412   Section        0  stm32f3xx_it.o(i.NMI_Handler)
    i.NVIC_SetPriority                       0x08001414   Section        0  stm32f3xx_hal_cortex.o(i.NVIC_SetPriority)
    NVIC_SetPriority                         0x08001415   Thumb Code    32  stm32f3xx_hal_cortex.o(i.NVIC_SetPriority)
    i.PendSV_Handler                         0x08001434   Section        0  stm32f3xx_it.o(i.PendSV_Handler)
    i.SVC_Handler                            0x08001436   Section        0  stm32f3xx_it.o(i.SVC_Handler)
    i.SysTick_Handler                        0x08001438   Section        0  stm32f3xx_it.o(i.SysTick_Handler)
    i.SystemClock_Config                     0x0800143c   Section        0  main.o(i.SystemClock_Config)
    i.SystemInit                             0x08001490   Section        0  system_stm32f3xx.o(i.SystemInit)
    i.TIM_Base_SetConfig                     0x080014f8   Section        0  stm32f3xx_hal_tim.o(i.TIM_Base_SetConfig)
    i.TIM_CCxChannelCmd                      0x080015bc   Section        0  stm32f3xx_hal_tim.o(i.TIM_CCxChannelCmd)
    i.TIM_ETR_SetConfig                      0x080015d2   Section        0  stm32f3xx_hal_tim.o(i.TIM_ETR_SetConfig)
    i.TIM_ITRx_SetConfig                     0x080015e6   Section        0  stm32f3xx_hal_tim.o(i.TIM_ITRx_SetConfig)
    TIM_ITRx_SetConfig                       0x080015e7   Thumb Code    16  stm32f3xx_hal_tim.o(i.TIM_ITRx_SetConfig)
    i.TIM_OC1_SetConfig                      0x080015f8   Section        0  stm32f3xx_hal_tim.o(i.TIM_OC1_SetConfig)
    i.TIM_OC2_SetConfig                      0x080016a4   Section        0  stm32f3xx_hal_tim.o(i.TIM_OC2_SetConfig)
    i.TIM_OC3_SetConfig                      0x08001744   Section        0  stm32f3xx_hal_tim.o(i.TIM_OC3_SetConfig)
    i.TIM_OC4_SetConfig                      0x080017e4   Section        0  stm32f3xx_hal_tim.o(i.TIM_OC4_SetConfig)
    i.TIM_OC5_SetConfig                      0x08001864   Section        0  stm32f3xx_hal_tim_ex.o(i.TIM_OC5_SetConfig)
    TIM_OC5_SetConfig                        0x08001865   Thumb Code    92  stm32f3xx_hal_tim_ex.o(i.TIM_OC5_SetConfig)
    i.TIM_OC6_SetConfig                      0x080018dc   Section        0  stm32f3xx_hal_tim_ex.o(i.TIM_OC6_SetConfig)
    TIM_OC6_SetConfig                        0x080018dd   Thumb Code    94  stm32f3xx_hal_tim_ex.o(i.TIM_OC6_SetConfig)
    i.TIM_TI1_ConfigInputStage               0x08001958   Section        0  stm32f3xx_hal_tim.o(i.TIM_TI1_ConfigInputStage)
    TIM_TI1_ConfigInputStage                 0x08001959   Thumb Code    34  stm32f3xx_hal_tim.o(i.TIM_TI1_ConfigInputStage)
    i.TIM_TI2_ConfigInputStage               0x0800197a   Section        0  stm32f3xx_hal_tim.o(i.TIM_TI2_ConfigInputStage)
    TIM_TI2_ConfigInputStage                 0x0800197b   Thumb Code    36  stm32f3xx_hal_tim.o(i.TIM_TI2_ConfigInputStage)
    i.UsageFault_Handler                     0x0800199e   Section        0  stm32f3xx_it.o(i.UsageFault_Handler)
    i.__scatterload_copy                     0x080019a0   Section       14  handlers.o(i.__scatterload_copy)
    i.__scatterload_null                     0x080019ae   Section        2  handlers.o(i.__scatterload_null)
    i.__scatterload_zeroinit                 0x080019b0   Section       14  handlers.o(i.__scatterload_zeroinit)
    i.main                                   0x080019c0   Section        0  main.o(i.main)
    .constdata                               0x08001a40   Section       32  stm32f3xx_hal_rcc.o(.constdata)
    .constdata                               0x08001a60   Section       16  system_stm32f3xx.o(.constdata)
    .data                                    0x20000000   Section        3  main.o(.data)
    .data                                    0x20000004   Section       12  stm32f3xx_hal.o(.data)
    .data                                    0x20000010   Section        4  system_stm32f3xx.o(.data)
    .bss                                     0x20000014   Section       64  main.o(.bss)
    STACK                                    0x20000058   Section     1024  startup_stm32f303xe.o(STACK)

    Global Symbols

    Symbol Name                              Value     Ov Type        Size  Object(Section)

    BuildAttributes$$THM_ISAv4$E$P$D$K$B$S$7EM$VFPi3$EXTD16$VFPS$VFMA$PE$A:L22UL41UL21$X:L11$S22US41US21$IEEE1$IW$USESV6$~STKCKD$USESV7$~SHL$OSPACE$EBA8$MICROLIB$REQ8$PRES8$EABIv2 0x00000000   Number         0  anon$$obj.o ABSOLUTE
    __ARM_use_no_argv                        0x00000000   Number         0  main.o ABSOLUTE
    __cpp_initialize__aeabi_                  - Undefined Weak Reference
    __cxa_finalize                            - Undefined Weak Reference
    __decompress                              - Undefined Weak Reference
    _clock_init                               - Undefined Weak Reference
    _microlib_exit                            - Undefined Weak Reference
    __Vectors_Size                           0x00000194   Number         0  startup_stm32f303xe.o ABSOLUTE
    __Vectors                                0x08000000   Data           4  startup_stm32f303xe.o(RESET)
    __Vectors_End                            0x08000194   Data           0  startup_stm32f303xe.o(RESET)
    __main                                   0x08000195   Thumb Code     0  entry.o(.ARM.Collect$$$$00000000)
    _main_stk                                0x08000195   Thumb Code     0  entry2.o(.ARM.Collect$$$$00000001)
    _main_scatterload                        0x08000199   Thumb Code     0  entry5.o(.ARM.Collect$$$$00000004)
    __main_after_scatterload                 0x0800019d   Thumb Code     0  entry5.o(.ARM.Collect$$$$00000004)
    _main_clock                              0x0800019d   Thumb Code     0  entry7b.o(.ARM.Collect$$$$00000008)
    _main_cpp_init                           0x0800019d   Thumb Code     0  entry8b.o(.ARM.Collect$$$$0000000A)
    _main_init                               0x0800019d   Thumb Code     0  entry9a.o(.ARM.Collect$$$$0000000B)
    __rt_final_cpp                           0x080001a5   Thumb Code     0  entry10a.o(.ARM.Collect$$$$0000000D)
    __rt_final_exit                          0x080001a5   Thumb Code     0  entry11a.o(.ARM.Collect$$$$0000000F)
    Reset_Handler                            0x080001a9   Thumb Code     8  startup_stm32f303xe.o(.text)
    ADC1_2_IRQHandler                        0x080001c3   Thumb Code     0  startup_stm32f303xe.o(.text)
    ADC3_IRQHandler                          0x080001c3   Thumb Code     0  startup_stm32f303xe.o(.text)
    ADC4_IRQHandler                          0x080001c3   Thumb Code     0  startup_stm32f303xe.o(.text)
    CAN_RX1_IRQHandler                       0x080001c3   Thumb Code     0  startup_stm32f303xe.o(.text)
    CAN_SCE_IRQHandler                       0x080001c3   Thumb Code     0  startup_stm32f303xe.o(.text)
    COMP1_2_3_IRQHandler                     0x080001c3   Thumb Code     0  startup_stm32f303xe.o(.text)
    COMP4_5_6_IRQHandler                     0x080001c3   Thumb Code     0  startup_stm32f303xe.o(.text)
    COMP7_IRQHandler                         0x080001c3   Thumb Code     0  startup_stm32f303xe.o(.text)
    DMA1_Channel1_IRQHandler                 0x080001c3   Thumb Code     0  startup_stm32f303xe.o(.text)
    DMA1_Channel2_IRQHandler                 0x080001c3   Thumb Code     0  startup_stm32f303xe.o(.text)
    DMA1_Channel3_IRQHandler                 0x080001c3   Thumb Code     0  startup_stm32f303xe.o(.text)
    DMA1_Channel4_IRQHandler                 0x080001c3   Thumb Code     0  startup_stm32f303xe.o(.text)
    DMA1_Channel5_IRQHandler                 0x080001c3   Thumb Code     0  startup_stm32f303xe.o(.text)
    DMA1_Channel6_IRQHandler                 0x080001c3   Thumb Code     0  startup_stm32f303xe.o(.text)
    DMA1_Channel7_IRQHandler                 0x080001c3   Thumb Code     0  startup_stm32f303xe.o(.text)
    DMA2_Channel1_IRQHandler                 0x080001c3   Thumb Code     0  startup_stm32f303xe.o(.text)
    DMA2_Channel2_IRQHandler                 0x080001c3   Thumb Code     0  startup_stm32f303xe.o(.text)
    DMA2_Channel3_IRQHandler                 0x080001c3   Thumb Code     0  startup_stm32f303xe.o(.text)
    DMA2_Channel4_IRQHandler                 0x080001c3   Thumb Code     0  startup_stm32f303xe.o(.text)
    DMA2_Channel5_IRQHandler                 0x080001c3   Thumb Code     0  startup_stm32f303xe.o(.text)
    EXTI0_IRQHandler                         0x080001c3   Thumb Code     0  startup_stm32f303xe.o(.text)
    EXTI15_10_IRQHandler                     0x080001c3   Thumb Code     0  startup_stm32f303xe.o(.text)
    EXTI1_IRQHandler                         0x080001c3   Thumb Code     0  startup_stm32f303xe.o(.text)
    EXTI2_TSC_IRQHandler                     0x080001c3   Thumb Code     0  startup_stm32f303xe.o(.text)
    EXTI3_IRQHandler                         0x080001c3   Thumb Code     0  startup_stm32f303xe.o(.text)
    EXTI4_IRQHandler                         0x080001c3   Thumb Code     0  startup_stm32f303xe.o(.text)
    EXTI9_5_IRQHandler                       0x080001c3   Thumb Code     0  startup_stm32f303xe.o(.text)
    FLASH_IRQHandler                         0x080001c3   Thumb Code     0  startup_stm32f303xe.o(.text)
    FMC_IRQHandler                           0x080001c3   Thumb Code     0  startup_stm32f303xe.o(.text)
    FPU_IRQHandler                           0x080001c3   Thumb Code     0  startup_stm32f303xe.o(.text)
    I2C1_ER_IRQHandler                       0x080001c3   Thumb Code     0  startup_stm32f303xe.o(.text)
    I2C1_EV_IRQHandler                       0x080001c3   Thumb Code     0  startup_stm32f303xe.o(.text)
    I2C2_ER_IRQHandler                       0x080001c3   Thumb Code     0  startup_stm32f303xe.o(.text)
    I2C2_EV_IRQHandler                       0x080001c3   Thumb Code     0  startup_stm32f303xe.o(.text)
    I2C3_ER_IRQHandler                       0x080001c3   Thumb Code     0  startup_stm32f303xe.o(.text)
    I2C3_EV_IRQHandler                       0x080001c3   Thumb Code     0  startup_stm32f303xe.o(.text)
    PVD_IRQHandler                           0x080001c3   Thumb Code     0  startup_stm32f303xe.o(.text)
    RCC_IRQHandler                           0x080001c3   Thumb Code     0  startup_stm32f303xe.o(.text)
    RTC_Alarm_IRQHandler                     0x080001c3   Thumb Code     0  startup_stm32f303xe.o(.text)
    RTC_WKUP_IRQHandler                      0x080001c3   Thumb Code     0  startup_stm32f303xe.o(.text)
    SPI1_IRQHandler                          0x080001c3   Thumb Code     0  startup_stm32f303xe.o(.text)
    SPI2_IRQHandler                          0x080001c3   Thumb Code     0  startup_stm32f303xe.o(.text)
    SPI3_IRQHandler                          0x080001c3   Thumb Code     0  startup_stm32f303xe.o(.text)
    SPI4_IRQHandler                          0x080001c3   Thumb Code     0  startup_stm32f303xe.o(.text)
    TAMP_STAMP_IRQHandler                    0x080001c3   Thumb Code     0  startup_stm32f303xe.o(.text)
    TIM1_BRK_TIM15_IRQHandler                0x080001c3   Thumb Code     0  startup_stm32f303xe.o(.text)
    TIM1_CC_IRQHandler                       0x080001c3   Thumb Code     0  startup_stm32f303xe.o(.text)
    TIM1_TRG_COM_TIM17_IRQHandler            0x080001c3   Thumb Code     0  startup_stm32f303xe.o(.text)
    TIM1_UP_TIM16_IRQHandler                 0x080001c3   Thumb Code     0  startup_stm32f303xe.o(.text)
    TIM20_BRK_IRQHandler                     0x080001c3   Thumb Code     0  startup_stm32f303xe.o(.text)
    TIM20_CC_IRQHandler                      0x080001c3   Thumb Code     0  startup_stm32f303xe.o(.text)
    TIM20_TRG_COM_IRQHandler                 0x080001c3   Thumb Code     0  startup_stm32f303xe.o(.text)
    TIM20_UP_IRQHandler                      0x080001c3   Thumb Code     0  startup_stm32f303xe.o(.text)
    TIM2_IRQHandler                          0x080001c3   Thumb Code     0  startup_stm32f303xe.o(.text)
    TIM3_IRQHandler                          0x080001c3   Thumb Code     0  startup_stm32f303xe.o(.text)
    TIM4_IRQHandler                          0x080001c3   Thumb Code     0  startup_stm32f303xe.o(.text)
    TIM6_DAC_IRQHandler                      0x080001c3   Thumb Code     0  startup_stm32f303xe.o(.text)
    TIM7_IRQHandler                          0x080001c3   Thumb Code     0  startup_stm32f303xe.o(.text)
    TIM8_BRK_IRQHandler                      0x080001c3   Thumb Code     0  startup_stm32f303xe.o(.text)
    TIM8_CC_IRQHandler                       0x080001c3   Thumb Code     0  startup_stm32f303xe.o(.text)
    TIM8_TRG_COM_IRQHandler                  0x080001c3   Thumb Code     0  startup_stm32f303xe.o(.text)
    TIM8_UP_IRQHandler                       0x080001c3   Thumb Code     0  startup_stm32f303xe.o(.text)
    UART4_IRQHandler                         0x080001c3   Thumb Code     0  startup_stm32f303xe.o(.text)
    UART5_IRQHandler                         0x080001c3   Thumb Code     0  startup_stm32f303xe.o(.text)
    USART1_IRQHandler                        0x080001c3   Thumb Code     0  startup_stm32f303xe.o(.text)
    USART2_IRQHandler                        0x080001c3   Thumb Code     0  startup_stm32f303xe.o(.text)
    USART3_IRQHandler                        0x080001c3   Thumb Code     0  startup_stm32f303xe.o(.text)
    USBWakeUp_IRQHandler                     0x080001c3   Thumb Code     0  startup_stm32f303xe.o(.text)
    USBWakeUp_RMP_IRQHandler                 0x080001c3   Thumb Code     0  startup_stm32f303xe.o(.text)
    USB_HP_CAN_TX_IRQHandler                 0x080001c3   Thumb Code     0  startup_stm32f303xe.o(.text)
    USB_HP_IRQHandler                        0x080001c3   Thumb Code     0  startup_stm32f303xe.o(.text)
    USB_LP_CAN_RX0_IRQHandler                0x080001c3   Thumb Code     0  startup_stm32f303xe.o(.text)
    USB_LP_IRQHandler                        0x080001c3   Thumb Code     0  startup_stm32f303xe.o(.text)
    WWDG_IRQHandler                          0x080001c3   Thumb Code     0  startup_stm32f303xe.o(.text)
    __aeabi_memset                           0x080001cd   Thumb Code    14  memseta.o(.text)
    __aeabi_memset4                          0x080001cd   Thumb Code     0  memseta.o(.text)
    __aeabi_memset8                          0x080001cd   Thumb Code     0  memseta.o(.text)
    __aeabi_memclr                           0x080001db   Thumb Code     4  memseta.o(.text)
    __aeabi_memclr4                          0x080001db   Thumb Code     0  memseta.o(.text)
    __aeabi_memclr8                          0x080001db   Thumb Code     0  memseta.o(.text)
    _memset$wrapper                          0x080001df   Thumb Code    18  memseta.o(.text)
    __scatterload                            0x080001f1   Thumb Code    28  init.o(.text)
    __scatterload_rt2                        0x080001f1   Thumb Code     0  init.o(.text)
    BusFault_Handler                         0x08000215   Thumb Code     2  stm32f3xx_it.o(i.BusFault_Handler)
    DebugMon_Handler                         0x08000217   Thumb Code     2  stm32f3xx_it.o(i.DebugMon_Handler)
    HAL_GPIO_Init                            0x08000219   Thumb Code   422  stm32f3xx_hal_gpio.o(i.HAL_GPIO_Init)
    HAL_GetTick                              0x080003e5   Thumb Code     6  stm32f3xx_hal.o(i.HAL_GetTick)
    HAL_IncTick                              0x080003f1   Thumb Code    12  stm32f3xx_hal.o(i.HAL_IncTick)
    HAL_Init                                 0x08000401   Thumb Code    32  stm32f3xx_hal.o(i.HAL_Init)
    HAL_InitTick                             0x08000425   Thumb Code    54  stm32f3xx_hal.o(i.HAL_InitTick)
    HAL_MspInit                              0x08000465   Thumb Code    44  stm32f3xx_hal_msp.o(i.HAL_MspInit)
    HAL_NVIC_SetPriority                     0x08000495   Thumb Code    60  stm32f3xx_hal_cortex.o(i.HAL_NVIC_SetPriority)
    HAL_NVIC_SetPriorityGrouping             0x080004d5   Thumb Code    26  stm32f3xx_hal_cortex.o(i.HAL_NVIC_SetPriorityGrouping)
    HAL_RCCEx_PeriphCLKConfig                0x080004f9   Thumb Code   648  stm32f3xx_hal_rcc_ex.o(i.HAL_RCCEx_PeriphCLKConfig)
    HAL_RCC_ClockConfig                      0x0800078d   Thumb Code   306  stm32f3xx_hal_rcc.o(i.HAL_RCC_ClockConfig)
    HAL_RCC_GetSysClockFreq                  0x080008d1   Thumb Code    76  stm32f3xx_hal_rcc.o(i.HAL_RCC_GetSysClockFreq)
    HAL_RCC_OscConfig                        0x08000929   Thumb Code  1432  stm32f3xx_hal_rcc.o(i.HAL_RCC_OscConfig)
    HAL_SYSTICK_Config                       0x08000ec1   Thumb Code    40  stm32f3xx_hal_cortex.o(i.HAL_SYSTICK_Config)
    HAL_TIMEx_ConfigBreakDeadTime            0x08000ee9   Thumb Code   144  stm32f3xx_hal_tim_ex.o(i.HAL_TIMEx_ConfigBreakDeadTime)
    HAL_TIMEx_MasterConfigSynchronization    0x08000f85   Thumb Code    84  stm32f3xx_hal_tim_ex.o(i.HAL_TIMEx_MasterConfigSynchronization)
    HAL_TIM_Base_Init                        0x08000fe5   Thumb Code    54  stm32f3xx_hal_tim.o(i.HAL_TIM_Base_Init)
    HAL_TIM_Base_MspInit                     0x0800101d   Thumb Code    30  stm32f3xx_hal_msp.o(i.HAL_TIM_Base_MspInit)
    HAL_TIM_ConfigClockSource                0x08001045   Thumb Code   246  stm32f3xx_hal_tim.o(i.HAL_TIM_ConfigClockSource)
    HAL_TIM_MspPostInit                      0x08001141   Thumb Code    68  stm32f3xx_hal_msp.o(i.HAL_TIM_MspPostInit)
    HAL_TIM_PWM_ConfigChannel                0x08001191   Thumb Code   296  stm32f3xx_hal_tim_ex.o(i.HAL_TIM_PWM_ConfigChannel)
    HAL_TIM_PWM_Init                         0x080012b9   Thumb Code    54  stm32f3xx_hal_tim.o(i.HAL_TIM_PWM_Init)
    HAL_TIM_PWM_MspInit                      0x080012ef   Thumb Code     2  stm32f3xx_hal_tim.o(i.HAL_TIM_PWM_MspInit)
    HAL_TIM_PWM_Start                        0x080012f1   Thumb Code    72  stm32f3xx_hal_tim.o(i.HAL_TIM_PWM_Start)
    HardFault_Handler                        0x08001351   Thumb Code     2  stm32f3xx_it.o(i.HardFault_Handler)
    MemManage_Handler                        0x08001411   Thumb Code     2  stm32f3xx_it.o(i.MemManage_Handler)
    NMI_Handler                              0x08001413   Thumb Code     2  stm32f3xx_it.o(i.NMI_Handler)
    PendSV_Handler                           0x08001435   Thumb Code     2  stm32f3xx_it.o(i.PendSV_Handler)
    SVC_Handler                              0x08001437   Thumb Code     2  stm32f3xx_it.o(i.SVC_Handler)
    SysTick_Handler                          0x08001439   Thumb Code     4  stm32f3xx_it.o(i.SysTick_Handler)
    SystemClock_Config                       0x0800143d   Thumb Code    84  main.o(i.SystemClock_Config)
    SystemInit                               0x08001491   Thumb Code    82  system_stm32f3xx.o(i.SystemInit)
    TIM_Base_SetConfig                       0x080014f9   Thumb Code   164  stm32f3xx_hal_tim.o(i.TIM_Base_SetConfig)
    TIM_CCxChannelCmd                        0x080015bd   Thumb Code    22  stm32f3xx_hal_tim.o(i.TIM_CCxChannelCmd)
    TIM_ETR_SetConfig                        0x080015d3   Thumb Code    20  stm32f3xx_hal_tim.o(i.TIM_ETR_SetConfig)
    TIM_OC1_SetConfig                        0x080015f9   Thumb Code   144  stm32f3xx_hal_tim.o(i.TIM_OC1_SetConfig)
    TIM_OC2_SetConfig                        0x080016a5   Thumb Code   132  stm32f3xx_hal_tim.o(i.TIM_OC2_SetConfig)
    TIM_OC3_SetConfig                        0x08001745   Thumb Code   130  stm32f3xx_hal_tim.o(i.TIM_OC3_SetConfig)
    TIM_OC4_SetConfig                        0x080017e5   Thumb Code    98  stm32f3xx_hal_tim.o(i.TIM_OC4_SetConfig)
    UsageFault_Handler                       0x0800199f   Thumb Code     2  stm32f3xx_it.o(i.UsageFault_Handler)
    __scatterload_copy                       0x080019a1   Thumb Code    14  handlers.o(i.__scatterload_copy)
    __scatterload_null                       0x080019af   Thumb Code     2  handlers.o(i.__scatterload_null)
    __scatterload_zeroinit                   0x080019b1   Thumb Code    14  handlers.o(i.__scatterload_zeroinit)
    main                                     0x080019c1   Thumb Code   110  main.o(i.main)
    aPLLMULFactorTable                       0x08001a40   Data          16  stm32f3xx_hal_rcc.o(.constdata)
    aPredivFactorTable                       0x08001a50   Data          16  stm32f3xx_hal_rcc.o(.constdata)
    AHBPrescTable                            0x08001a60   Data          16  system_stm32f3xx.o(.constdata)
    Region$$Table$$Base                      0x08001a70   Number         0  anon$$obj.o(Region$$Table)
    Region$$Table$$Limit                     0x08001a90   Number         0  anon$$obj.o(Region$$Table)
    dutyCycle1                               0x20000000   Data           1  main.o(.data)
    dutyCycle2                               0x20000001   Data           1  main.o(.data)
    Period                                   0x20000002   Data           1  main.o(.data)
    uwTickFreq                               0x20000004   Data           1  stm32f3xx_hal.o(.data)
    uwTickPrio                               0x20000008   Data           4  stm32f3xx_hal.o(.data)
    uwTick                                   0x2000000c   Data           4  stm32f3xx_hal.o(.data)
    SystemCoreClock                          0x20000010   Data           4  system_stm32f3xx.o(.data)
    htim1                                    0x20000014   Data          64  main.o(.bss)
    __initial_sp                             0x20000458   Data           0  startup_stm32f303xe.o(STACK)



==============================================================================

Memory Map of the image

  Image Entry point : 0x08000195

  Load Region LR_IROM1 (Base: 0x08000000, Size: 0x00001aa4, Max: 0x00080000, ABSOLUTE)

    Execution Region ER_IROM1 (Exec base: 0x08000000, Load base: 0x08000000, Size: 0x00001a90, Max: 0x00080000, ABSOLUTE)

    Exec Addr    Load Addr    Size         Type   Attr      Idx    E Section Name        Object

    0x08000000   0x08000000   0x00000194   Data   RO            3    RESET               startup_stm32f303xe.o
    0x08000194   0x08000194   0x00000000   Code   RO         3090  * .ARM.Collect$$$$00000000  mc_w.l(entry.o)
    0x08000194   0x08000194   0x00000004   Code   RO         3101    .ARM.Collect$$$$00000001  mc_w.l(entry2.o)
    0x08000198   0x08000198   0x00000004   Code   RO         3104    .ARM.Collect$$$$00000004  mc_w.l(entry5.o)
    0x0800019c   0x0800019c   0x00000000   Code   RO         3106    .ARM.Collect$$$$00000008  mc_w.l(entry7b.o)
    0x0800019c   0x0800019c   0x00000000   Code   RO         3108    .ARM.Collect$$$$0000000A  mc_w.l(entry8b.o)
    0x0800019c   0x0800019c   0x00000008   Code   RO         3109    .ARM.Collect$$$$0000000B  mc_w.l(entry9a.o)
    0x080001a4   0x080001a4   0x00000000   Code   RO         3111    .ARM.Collect$$$$0000000D  mc_w.l(entry10a.o)
    0x080001a4   0x080001a4   0x00000000   Code   RO         3113    .ARM.Collect$$$$0000000F  mc_w.l(entry11a.o)
    0x080001a4   0x080001a4   0x00000004   Code   RO         3102    .ARM.Collect$$$$00002712  mc_w.l(entry2.o)
    0x080001a8   0x080001a8   0x00000024   Code   RO            4    .text               startup_stm32f303xe.o
    0x080001cc   0x080001cc   0x00000024   Code   RO         3097    .text               mc_w.l(memseta.o)
    0x080001f0   0x080001f0   0x00000024   Code   RO         3115    .text               mc_w.l(init.o)
    0x08000214   0x08000214   0x00000002   Code   RO          157    i.BusFault_Handler  stm32f3xx_it.o
    0x08000216   0x08000216   0x00000002   Code   RO          158    i.DebugMon_Handler  stm32f3xx_it.o
    0x08000218   0x08000218   0x000001cc   Code   RO         1949    i.HAL_GPIO_Init     stm32f3xx_hal_gpio.o
    0x080003e4   0x080003e4   0x0000000c   Code   RO         1636    i.HAL_GetTick       stm32f3xx_hal.o
    0x080003f0   0x080003f0   0x00000010   Code   RO         1642    i.HAL_IncTick       stm32f3xx_hal.o
    0x08000400   0x08000400   0x00000024   Code   RO         1643    i.HAL_Init          stm32f3xx_hal.o
    0x08000424   0x08000424   0x00000040   Code   RO         1644    i.HAL_InitTick      stm32f3xx_hal.o
    0x08000464   0x08000464   0x00000030   Code   RO          232    i.HAL_MspInit       stm32f3xx_hal_msp.o
    0x08000494   0x08000494   0x00000040   Code   RO         2123    i.HAL_NVIC_SetPriority  stm32f3xx_hal_cortex.o
    0x080004d4   0x080004d4   0x00000024   Code   RO         2124    i.HAL_NVIC_SetPriorityGrouping  stm32f3xx_hal_cortex.o
    0x080004f8   0x080004f8   0x00000294   Code   RO         1906    i.HAL_RCCEx_PeriphCLKConfig  stm32f3xx_hal_rcc_ex.o
    0x0800078c   0x0800078c   0x00000144   Code   RO         1800    i.HAL_RCC_ClockConfig  stm32f3xx_hal_rcc.o
    0x080008d0   0x080008d0   0x00000058   Code   RO         1809    i.HAL_RCC_GetSysClockFreq  stm32f3xx_hal_rcc.o
    0x08000928   0x08000928   0x00000598   Code   RO         1812    i.HAL_RCC_OscConfig  stm32f3xx_hal_rcc.o
    0x08000ec0   0x08000ec0   0x00000028   Code   RO         2128    i.HAL_SYSTICK_Config  stm32f3xx_hal_cortex.o
    0x08000ee8   0x08000ee8   0x0000009c   Code   RO          935    i.HAL_TIMEx_ConfigBreakDeadTime  stm32f3xx_hal_tim_ex.o
    0x08000f84   0x08000f84   0x00000060   Code   RO          951    i.HAL_TIMEx_MasterConfigSynchronization  stm32f3xx_hal_tim_ex.o
    0x08000fe4   0x08000fe4   0x00000036   Code   RO          288    i.HAL_TIM_Base_Init  stm32f3xx_hal_tim.o
    0x0800101a   0x0800101a   0x00000002   PAD
    0x0800101c   0x0800101c   0x00000028   Code   RO          234    i.HAL_TIM_Base_MspInit  stm32f3xx_hal_msp.o
    0x08001044   0x08001044   0x000000fc   Code   RO          297    i.HAL_TIM_ConfigClockSource  stm32f3xx_hal_tim.o
    0x08001140   0x08001140   0x00000050   Code   RO          235    i.HAL_TIM_MspPostInit  stm32f3xx_hal_msp.o
    0x08001190   0x08001190   0x00000128   Code   RO          971    i.HAL_TIM_PWM_ConfigChannel  stm32f3xx_hal_tim_ex.o
    0x080012b8   0x080012b8   0x00000036   Code   RO          359    i.HAL_TIM_PWM_Init  stm32f3xx_hal_tim.o
    0x080012ee   0x080012ee   0x00000002   Code   RO          361    i.HAL_TIM_PWM_MspInit  stm32f3xx_hal_tim.o
    0x080012f0   0x080012f0   0x00000060   Code   RO          363    i.HAL_TIM_PWM_Start  stm32f3xx_hal_tim.o
    0x08001350   0x08001350   0x00000002   Code   RO          159    i.HardFault_Handler  stm32f3xx_it.o
    0x08001352   0x08001352   0x00000002   PAD
    0x08001354   0x08001354   0x000000bc   Code   RO           14    i.MX_TIM1_Init      main.o
    0x08001410   0x08001410   0x00000002   Code   RO          160    i.MemManage_Handler  stm32f3xx_it.o
    0x08001412   0x08001412   0x00000002   Code   RO          161    i.NMI_Handler       stm32f3xx_it.o
    0x08001414   0x08001414   0x00000020   Code   RO         2130    i.NVIC_SetPriority  stm32f3xx_hal_cortex.o
    0x08001434   0x08001434   0x00000002   Code   RO          162    i.PendSV_Handler    stm32f3xx_it.o
    0x08001436   0x08001436   0x00000002   Code   RO          163    i.SVC_Handler       stm32f3xx_it.o
    0x08001438   0x08001438   0x00000004   Code   RO          164    i.SysTick_Handler   stm32f3xx_it.o
    0x0800143c   0x0800143c   0x00000054   Code   RO           15    i.SystemClock_Config  main.o
    0x08001490   0x08001490   0x00000068   Code   RO         3056    i.SystemInit        system_stm32f3xx.o
    0x080014f8   0x080014f8   0x000000c4   Code   RO          374    i.TIM_Base_SetConfig  stm32f3xx_hal_tim.o
    0x080015bc   0x080015bc   0x00000016   Code   RO          375    i.TIM_CCxChannelCmd  stm32f3xx_hal_tim.o
    0x080015d2   0x080015d2   0x00000014   Code   RO          381    i.TIM_ETR_SetConfig  stm32f3xx_hal_tim.o
    0x080015e6   0x080015e6   0x00000010   Code   RO          382    i.TIM_ITRx_SetConfig  stm32f3xx_hal_tim.o
    0x080015f6   0x080015f6   0x00000002   PAD
    0x080015f8   0x080015f8   0x000000ac   Code   RO          383    i.TIM_OC1_SetConfig  stm32f3xx_hal_tim.o
    0x080016a4   0x080016a4   0x000000a0   Code   RO          384    i.TIM_OC2_SetConfig  stm32f3xx_hal_tim.o
    0x08001744   0x08001744   0x000000a0   Code   RO          385    i.TIM_OC3_SetConfig  stm32f3xx_hal_tim.o
    0x080017e4   0x080017e4   0x00000080   Code   RO          386    i.TIM_OC4_SetConfig  stm32f3xx_hal_tim.o
    0x08001864   0x08001864   0x00000078   Code   RO          974    i.TIM_OC5_SetConfig  stm32f3xx_hal_tim_ex.o
    0x080018dc   0x080018dc   0x0000007c   Code   RO          975    i.TIM_OC6_SetConfig  stm32f3xx_hal_tim_ex.o
    0x08001958   0x08001958   0x00000022   Code   RO          388    i.TIM_TI1_ConfigInputStage  stm32f3xx_hal_tim.o
    0x0800197a   0x0800197a   0x00000024   Code   RO          390    i.TIM_TI2_ConfigInputStage  stm32f3xx_hal_tim.o
    0x0800199e   0x0800199e   0x00000002   Code   RO          165    i.UsageFault_Handler  stm32f3xx_it.o
    0x080019a0   0x080019a0   0x0000000e   Code   RO         3119    i.__scatterload_copy  mc_w.l(handlers.o)
    0x080019ae   0x080019ae   0x00000002   Code   RO         3120    i.__scatterload_null  mc_w.l(handlers.o)
    0x080019b0   0x080019b0   0x0000000e   Code   RO         3121    i.__scatterload_zeroinit  mc_w.l(handlers.o)
    0x080019be   0x080019be   0x00000002   PAD
    0x080019c0   0x080019c0   0x00000080   Code   RO           16    i.main              main.o
    0x08001a40   0x08001a40   0x00000020   Data   RO         1813    .constdata          stm32f3xx_hal_rcc.o
    0x08001a60   0x08001a60   0x00000010   Data   RO         3057    .constdata          system_stm32f3xx.o
    0x08001a70   0x08001a70   0x00000020   Data   RO         3117    Region$$Table       anon$$obj.o


    Execution Region RW_IRAM1 (Exec base: 0x20000000, Load base: 0x08001a90, Size: 0x00000458, Max: 0x00010000, ABSOLUTE)

    Exec Addr    Load Addr    Size         Type   Attr      Idx    E Section Name        Object

    0x20000000   0x08001a90   0x00000003   Data   RW           18    .data               main.o
    0x20000003   0x08001a93   0x00000001   PAD
    0x20000004   0x08001a94   0x0000000c   Data   RW         1650    .data               stm32f3xx_hal.o
    0x20000010   0x08001aa0   0x00000004   Data   RW         3059    .data               system_stm32f3xx.o
    0x20000014        -       0x00000040   Zero   RW           17    .bss                main.o
    0x20000054   0x08001aa4   0x00000004   PAD
    0x20000058        -       0x00000400   Zero   RW            1    STACK               startup_stm32f303xe.o


==============================================================================

Image component sizes


      Code (inc. data)   RO Data    RW Data    ZI Data      Debug   Object Name

       400         28          0          3         64     655063   main.o
        36          8        404          0       1024        840   startup_stm32f303xe.o
       128         24          0         12          0      16077   stm32f3xx_hal.o
       172         14          0          0          0      29762   stm32f3xx_hal_cortex.o
       460         38          0          0          0       1760   stm32f3xx_hal_gpio.o
       168         26          0          0          0       2135   stm32f3xx_hal_msp.o
      1844         42         32          0          0       4574   stm32f3xx_hal_rcc.o
       660         12          0          0          0       1712   stm32f3xx_hal_rcc_ex.o
      1402        178          0          0          0      12076   stm32f3xx_hal_tim.o
       792         82          0          0          0       4736   stm32f3xx_hal_tim_ex.o
        20          0          0          0          0       4142   stm32f3xx_it.o
       104         22         16          4          0       1175   system_stm32f3xx.o

    ----------------------------------------------------------------------
      6192        474        484         20       1092     734052   Object Totals
         0          0         32          0          0          0   (incl. Generated)
         6          0          0          1          4          0   (incl. Padding)

    ----------------------------------------------------------------------

      Code (inc. data)   RO Data    RW Data    ZI Data      Debug   Library Member Name

         0          0          0          0          0          0   entry.o
         0          0          0          0          0          0   entry10a.o
         0          0          0          0          0          0   entry11a.o
         8          4          0          0          0          0   entry2.o
         4          0          0          0          0          0   entry5.o
         0          0          0          0          0          0   entry7b.o
         0          0          0          0          0          0   entry8b.o
         8          4          0          0          0          0   entry9a.o
        30          0          0          0          0          0   handlers.o
        36          8          0          0          0         68   init.o
        36          0          0          0          0        108   memseta.o

    ----------------------------------------------------------------------
       124         16          0          0          0        176   Library Totals
         2          0          0          0          0          0   (incl. Padding)

    ----------------------------------------------------------------------

      Code (inc. data)   RO Data    RW Data    ZI Data      Debug   Library Name

       122         16          0          0          0        176   mc_w.l

    ----------------------------------------------------------------------
       124         16          0          0          0        176   Library Totals

    ----------------------------------------------------------------------

==============================================================================


      Code (inc. data)   RO Data    RW Data    ZI Data      Debug   

      6316        490        484         20       1092     730132   Grand Totals
      6316        490        484         20       1092     730132   ELF Image Totals
      6316        490        484         20          0          0   ROM Totals

==============================================================================

    Total RO  Size (Code + RO Data)                 6800 (   6.64kB)
    Total RW  Size (RW Data + ZI Data)              1112 (   1.09kB)
    Total ROM Size (Code + RO Data + RW Data)       6820 (   6.66kB)

==============================================================================

